Archive member included because of file (symbol)

libbb/lib.a(appletlib.o)      /group/labworks/toolchain/buildroot.git/output/host/usr/arm-buildroot-linux-uclibcgnueabihf/sysroot/usr/lib/crt1.o (main)
libbb/lib.a(concat_path_file.o)
                              libbb/lib.a(appletlib.o) (concat_path_file)
libbb/lib.a(default_error_retval.o)
                              libbb/lib.a(appletlib.o) (xfunc_error_retval)
libbb/lib.a(get_last_path_component.o)
                              libbb/lib.a(appletlib.o) (bb_basename)
libbb/lib.a(last_char_is.o)   libbb/lib.a(concat_path_file.o) (last_char_is)
libbb/lib.a(messages.o)       libbb/lib.a(appletlib.o) (bb_busybox_exec_path)
libbb/lib.a(perror_msg.o)     libbb/lib.a(appletlib.o) (bb_simple_perror_msg)
libbb/lib.a(ptr_to_globals.o)
                              libbb/lib.a(appletlib.o) (bb_errno)
libbb/lib.a(verror_msg.o)     libbb/lib.a(perror_msg.o) (bb_verror_msg)
libbb/lib.a(xfunc_die.o)      libbb/lib.a(appletlib.o) (xfunc_die)
libbb/lib.a(xfuncs.o)         libbb/lib.a(appletlib.o) (full_write2_str)
libbb/lib.a(xfuncs_printf.o)  libbb/lib.a(verror_msg.o) (fflush_all)
libbb/lib.a(xreadlink.o)      libbb/lib.a(appletlib.o) (xmalloc_readlink)
libbb/lib.a(copyfd.o)         libbb/lib.a(xfuncs_printf.o) (bb_copyfd_eof)
libbb/lib.a(full_write.o)     libbb/lib.a(verror_msg.o) (full_write)
libbb/lib.a(read.o)           libbb/lib.a(copyfd.o) (safe_read)
libbb/lib.a(safe_write.o)     libbb/lib.a(full_write.o) (safe_write)
libbb/lib.a(time.o)           libbb/lib.a(xfuncs_printf.o) (monotonic_us)
libbb/lib.a(bb_strtonum.o)    libbb/lib.a(time.o) (bb_strtol)
networking/lib.a(httpd.o)     libbb/lib.a(appletlib.o) (httpd_main)
networking/lib.a(ifconfig.o)  libbb/lib.a(appletlib.o) (ifconfig_main)
networking/lib.a(interface.o)
                              networking/lib.a(ifconfig.o) (display_interfaces)
networking/lib.a(ping.o)      libbb/lib.a(appletlib.o) (ping_main)
networking/lib.a(route.o)     libbb/lib.a(appletlib.o) (route_main)
networking/lib.a(telnetd.o)   libbb/lib.a(appletlib.o) (telnetd_main)
networking/udhcp/lib.a(dhcpc.o)
                              libbb/lib.a(appletlib.o) (udhcpc_main)
networking/udhcp/lib.a(domain_codec.o)
                              networking/udhcp/lib.a(dhcpc.o) (dname_dec)
networking/udhcp/lib.a(packet.o)
                              networking/udhcp/lib.a(dhcpc.o) (udhcp_init_header)
networking/udhcp/lib.a(signalpipe.o)
                              networking/udhcp/lib.a(dhcpc.o) (udhcp_sp_setup)
networking/udhcp/lib.a(socket.o)
                              networking/udhcp/lib.a(dhcpc.o) (udhcp_read_interface)
networking/udhcp/lib.a(arpping.o)
                              networking/udhcp/lib.a(dhcpc.o) (arpping)
networking/udhcp/lib.a(common.o)
                              networking/udhcp/lib.a(dhcpc.o) (dhcp_verbose)
procps/lib.a(free.o)          libbb/lib.a(appletlib.o) (free_main)
procps/lib.a(kill.o)          libbb/lib.a(appletlib.o) (kill_main)
procps/lib.a(ps.o)            libbb/lib.a(appletlib.o) (ps_main)
procps/lib.a(top.o)           libbb/lib.a(appletlib.o) (top_main)
procps/lib.a(uptime.o)        libbb/lib.a(appletlib.o) (uptime_main)
shell/lib.a(ash.o)            libbb/lib.a(appletlib.o) (ash_main)
shell/lib.a(ash_ptr_hack.o)   shell/lib.a(ash.o) (ash_ptr_to_globals_var)
shell/lib.a(math.o)           shell/lib.a(ash.o) (arith)
shell/lib.a(random.o)         shell/lib.a(ash.o) (next_random)
shell/lib.a(shell_common.o)   shell/lib.a(ash.o) (shell_builtin_read)
util-linux/lib.a(dmesg.o)     libbb/lib.a(appletlib.o) (dmesg_main)
util-linux/lib.a(fstrim.o)    libbb/lib.a(appletlib.o) (fstrim_main)
util-linux/lib.a(mdev.o)      libbb/lib.a(appletlib.o) (mdev_main)
util-linux/lib.a(mount.o)     libbb/lib.a(appletlib.o) (mount_main)
util-linux/lib.a(umount.o)    libbb/lib.a(appletlib.o) (umount_main)
util-linux/volume_id/lib.a(get_devname.o)
                              util-linux/lib.a(mount.o) (resolve_mount_spec)
util-linux/volume_id/lib.a(volume_id.o)
                              util-linux/volume_id/lib.a(get_devname.o) (volume_id_probe_all)
util-linux/volume_id/lib.a(xfs.o)
                              util-linux/volume_id/lib.a(volume_id.o) (volume_id_probe_xfs)
util-linux/volume_id/lib.a(btrfs.o)
                              util-linux/volume_id/lib.a(volume_id.o) (volume_id_probe_btrfs)
util-linux/volume_id/lib.a(cramfs.o)
                              util-linux/volume_id/lib.a(volume_id.o) (volume_id_probe_cramfs)
util-linux/volume_id/lib.a(exfat.o)
                              util-linux/volume_id/lib.a(volume_id.o) (volume_id_probe_exfat)
util-linux/volume_id/lib.a(ext.o)
                              util-linux/volume_id/lib.a(volume_id.o) (volume_id_probe_ext)
util-linux/volume_id/lib.a(f2fs.o)
                              util-linux/volume_id/lib.a(volume_id.o) (volume_id_probe_f2fs)
util-linux/volume_id/lib.a(fat.o)
[...]
Memory Configuration

Name             Origin             Length             Attributes
*default*        0x0000000000000000 0xffffffffffffffff

Linker script and memory map

LOAD /group/labworks/toolchain/buildroot.git/output/host/usr/arm-buildroot-linux-uclibcgnueabihf/sysroot/usr/lib/crt1.o
LOAD /group/labworks/toolchain/buildroot.git/output/host/usr/arm-buildroot-linux-uclibcgnueabihf/sysroot/usr/lib/crti.o
LOAD /group/labworks/toolchain/buildroot.git/output/host/usr/lib/gcc/arm-buildroot-linux-uclibcgnueabihf/4.9.2/crtbeginT.o
START GROUP
LOAD applets/built-in.o
LOAD archival/lib.a
LOAD archival/libarchive/lib.a
LOAD console-tools/lib.a
LOAD coreutils/lib.a
LOAD coreutils/libcoreutils/lib.a
LOAD debianutils/lib.a
LOAD e2fsprogs/lib.a
LOAD editors/lib.a
LOAD findutils/lib.a
LOAD init/lib.a
LOAD libbb/lib.a
LOAD libpwdgrp/lib.a
LOAD loginutils/lib.a
LOAD mailutils/lib.a
LOAD miscutils/lib.a
LOAD modutils/lib.a
LOAD networking/lib.a
LOAD networking/libiproute/lib.a
LOAD networking/udhcp/lib.a
LOAD printutils/lib.a
LOAD procps/lib.a
LOAD runit/lib.a
LOAD selinux/lib.a
LOAD shell/lib.a
LOAD sysklogd/lib.a
LOAD util-linux/lib.a
LOAD util-linux/volume_id/lib.a
LOAD archival/built-in.o
LOAD archival/libarchive/built-in.o
LOAD console-tools/built-in.o
LOAD coreutils/built-in.o
LOAD coreutils/libcoreutils/built-in.o
LOAD debianutils/built-in.o
LOAD e2fsprogs/built-in.o
LOAD editors/built-in.o
LOAD findutils/built-in.o
LOAD init/built-in.o
LOAD libbb/built-in.o
LOAD libpwdgrp/built-in.o
LOAD loginutils/built-in.o
LOAD mailutils/built-in.o
LOAD miscutils/built-in.o
LOAD modutils/built-in.o
LOAD networking/built-in.o
LOAD networking/libiproute/built-in.o
LOAD networking/udhcp/built-in.o
LOAD printutils/built-in.o
LOAD procps/built-in.o
LOAD runit/built-in.o
LOAD selinux/built-in.o
LOAD shell/built-in.o
LOAD sysklogd/built-in.o
LOAD util-linux/built-in.o
LOAD util-linux/volume_id/built-in.o
END GROUP
START GROUP
LOAD /group/labworks/toolchain/buildroot.git/output/host/usr/arm-buildroot-linux-uclibcgnueabihf/sysroot/usr/lib/libcrypt.a
END GROUP
START GROUP
LOAD /group/labworks/toolchain/buildroot.git/output/host/usr/lib/gcc/arm-buildroot-linux-uclibcgnueabihf/4.9.2/libgcc.a
LOAD /group/labworks/toolchain/buildroot.git/output/host/usr/lib/gcc/arm-buildroot-linux-uclibcgnueabihf/4.9.2/libgcc_eh.a
LOAD /group/labworks/toolchain/buildroot.git/output/host/usr/arm-buildroot-linux-uclibcgnueabihf/sysroot/usr/lib/libc.a
END GROUP
LOAD /group/labworks/toolchain/buildroot.git/output/host/usr/lib/gcc/arm-buildroot-linux-uclibcgnueabihf/4.9.2/crtend.o
LOAD /group/labworks/toolchain/buildroot.git/output/host/usr/arm-buildroot-linux-uclibcgnueabihf/sysroot/usr/lib/crtn.o
                0x0000000000008000                PROVIDE (__executable_start, 0x8000)
                0x00000000000080d4                . = (0x8000 + SIZEOF_HEADERS)

.interp
 *(SORT(.interp))

.note.gnu.build-id
 *(SORT(.note.gnu.build-id))

.hash
 *(SORT(.hash))

.gnu.hash
 *(SORT(.gnu.hash))

.dynsym
 *(SORT(.dynsym))

.dynstr
 *(SORT(.dynstr))

.gnu.version
 *(SORT(.gnu.version))

.gnu.version_d
 *(SORT(.gnu.version_d))

.gnu.version_r
 *(SORT(.gnu.version_r))

.rel.dyn        0x00000000000080d4        0x0
 *(SORT(.rel.init))
 *(SORT(.rel.text) SORT(.rel.text.*) SORT(.rel.gnu.linkonce.t.*))
 *(SORT(.rel.fini))
 *(SORT(.rel.rodata) SORT(.rel.rodata.*) SORT(.rel.gnu.linkonce.r.*))
 *(SORT(.rel.data.rel.ro) SORT(.rel.data.rel.ro.*) SORT(.rel.gnu.linkonce.d.rel.ro.*))
 *(SORT(.rel.data) SORT(.rel.data.*) SORT(.rel.gnu.linkonce.d.*))
 *(SORT(.rel.tdata) SORT(.rel.tdata.*) SORT(.rel.gnu.linkonce.td.*))
 *(SORT(.rel.tbss) SORT(.rel.tbss.*) SORT(.rel.gnu.linkonce.tb.*))
 *(SORT(.rel.ctors))
 *(SORT(.rel.dtors))
 *(SORT(.rel.got))
 .rel.got       0x0000000000000000        0x0 /group/labworks/toolchain/buildroot.git/output/host/usr/arm-buildroot-linux-uclibcgnueabihf/sysroot/usr/lib/crt1.o
 *(SORT(.rel.bss) SORT(.rel.bss.*) SORT(.rel.gnu.linkonce.b.*))
                0x00000000000080d4                PROVIDE (__rel_iplt_start, .)
 *(SORT(.rel.iplt))
 .rel.iplt      0x0000000000000000        0x0 /group/labworks/toolchain/buildroot.git/output/host/usr/arm-buildroot-linux-uclibcgnueabihf/sysroot/usr/lib/crt1.o
                0x00000000000080d4                PROVIDE (__rel_iplt_end, .)
                0x00000000000080d4                PROVIDE (__rela_iplt_start, .)
                0x00000000000080d4                PROVIDE (__rela_iplt_end, .)

.rela.dyn       0x00000000000080d4        0x0
 *(SORT(.rela.init))
 *(SORT(.rela.text) SORT(.rela.text.*) SORT(.rela.gnu.linkonce.t.*))
 *(SORT(.rela.fini))
 *(SORT(.rela.rodata) SORT(.rela.rodata.*) SORT(.rela.gnu.linkonce.r.*))
 *(SORT(.rela.data) SORT(.rela.data.*) SORT(.rela.gnu.linkonce.d.*))
 *(SORT(.rela.tdata) SORT(.rela.tdata.*) SORT(.rela.gnu.linkonce.td.*))
 *(SORT(.rela.tbss) SORT(.rela.tbss.*) SORT(.rela.gnu.linkonce.tb.*))
 *(SORT(.rela.ctors))
 *(SORT(.rela.dtors))
 *(SORT(.rela.got))
 *(SORT(.rela.bss) SORT(.rela.bss.*) SORT(.rela.gnu.linkonce.b.*))
                0x00000000000080d4                PROVIDE (__rel_iplt_start, .)
                0x00000000000080d4                PROVIDE (__rel_iplt_end, .)
                0x00000000000080d4                PROVIDE (__rela_iplt_start, .)
 *(SORT(.rela.iplt))
                0x00000000000080d4                PROVIDE (__rela_iplt_end, .)

.rel.plt
 *(SORT(.rel.plt))

.rela.plt
 *(SORT(.rela.plt))

.init           0x00000000000080d4       0x10
 *(SORT(.init))
 .init          0x00000000000080d4        0xc /group/labworks/toolchain/buildroot.git/output/host/usr/arm-buildroot-linux-uclibcgnueabihf/sysroot/usr/lib/crti.o
                0x00000000000080d4                _init
 .init          0x00000000000080e0        0x4 /group/labworks/toolchain/buildroot.git/output/host/usr/arm-buildroot-linux-uclibcgnueabihf/sysroot/usr/lib/crtn.o

.plt
 *(SORT(.plt))

.iplt           0x00000000000080e4        0x0
 *(SORT(.iplt))
 .iplt          0x0000000000000000        0x0 /group/labworks/toolchain/buildroot.git/output/host/usr/arm-buildroot-linux-uclibcgnueabihf/sysroot/usr/lib/crt1.o

.text           0x00000000000080f0    0x592cc
 *(SORT(.text.unlikely) SORT(.text.*_unlikely) SORT(.text.unlikely.*))
 .text.unlikely
                0x00000000000080f0      0x128 /group/labworks/toolchain/buildroot.git/output/host/usr/arm-buildroot-linux-uclibcgnueabihf/sysroot/usr/lib/libc.a(ssp.os)
                0x00000000000080f0                __stack_chk_fail
 .text.unlikely
                0x0000000000008218       0x68 /group/labworks/toolchain/buildroot.git/output/host/usr/arm-buildroot-linux-uclibcgnueabihf/sysroot/usr/lib/libc.a(regex.os)
 *(SORT(.text.exit) SORT(.text.exit.*))
 *(SORT(.text.startup) SORT(.text.startup.*))
 *(SORT(.text.hot) SORT(.text.hot.*))
 *(SORT(.text) SORT(.stub) SORT(.text.*) SORT(.gnu.linkonce.t.*))
 .text          0x0000000000008280       0x30 /group/labworks/toolchain/buildroot.git/output/host/usr/arm-buildroot-linux-uclibcgnueabihf/sysroot/usr/lib/libc.a(memcmp.os)
                0x0000000000008280                bcmp
                0x0000000000008280                __GI_memcmp
                0x0000000000008280                memcmp
 .text          0x00000000000082b0       0x10 /group/labworks/toolchain/buildroot.git/output/host/usr/arm-buildroot-linux-uclibcgnueabihf/sysroot/usr/lib/libc.a(memcpy.os)
                0x00000000000082b0                memcpy
                0x00000000000082b0                __GI_memcpy
 .text          0x00000000000082c0       0x10 /group/labworks/toolchain/buildroot.git/output/host/usr/arm-buildroot-linux-uclibcgnueabihf/sysroot/usr/lib/libc.a(memmove.os)
                0x00000000000082c0                memmove
                0x00000000000082c0                __GI_memmove
 .text          0x00000000000082d0       0xa0 /group/labworks/toolchain/buildroot.git/output/host/usr/arm-buildroot-linux-uclibcgnueabihf/sysroot/usr/lib/libc.a(memset.os)
                0x00000000000082d0                __GI_memset
                0x00000000000082d0                memset
 .text          0x0000000000008370       0x20 /group/labworks/toolchain/buildroot.git/output/host/usr/arm-buildroot-linux-uclibcgnueabihf/sysroot/usr/lib/libc.a(strcmp.os)
                0x0000000000008370                __GI_strcmp
                0x0000000000008370                strcmp
 .text          0x0000000000008390       0x60 /group/labworks/toolchain/buildroot.git/output/host/usr/arm-buildroot-linux-uclibcgnueabihf/sysroot/usr/lib/libc.a(strlen.os)
                0x0000000000008390                strlen
                0x0000000000008390                __GI_strlen
 .text          0x00000000000083f0       0x70 /group/labworks/toolchain/buildroot.git/output/host/usr/arm-buildroot-linux-uclibcgnueabihf/sysroot/usr/lib/libc.a(vfork.os)
                0x00000000000083f0                __vfork
                0x00000000000083f0                vfork
                0x00000000000083f0                __GI_vfork
 .text          0x0000000000008460       0x90 /group/labworks/toolchain/buildroot.git/output/host/usr/arm-buildroot-linux-uclibcgnueabihf/sysroot/usr/lib/libc.a(close.os)
                0x0000000000008464                __GI___close_nocancel
                0x0000000000008464                __close_nocancel
                0x0000000000008480                __GI_close
                0x0000000000008480                __GI___libc_close
                0x0000000000008480                __libc_close
                0x0000000000008480                __close
                0x0000000000008480                __GI___close
                0x0000000000008480                close
 .text          0x00000000000084f0       0x90 /group/labworks/toolchain/buildroot.git/output/host/usr/arm-buildroot-linux-uclibcgnueabihf/sysroot/usr/lib/libc.a(open.os)
                0x00000000000084f4                __GI___open_nocancel
                0x00000000000084f4                __open_nocancel
                0x0000000000008510                __open
                0x0000000000008510                __GI_open
                0x0000000000008510                __GI___open
                0x0000000000008510                __libc_open
                0x0000000000008510                __GI___libc_open
                0x0000000000008510                open
 .text          0x0000000000008580       0x90 /group/labworks/toolchain/buildroot.git/output/host/usr/arm-buildroot-linux-uclibcgnueabihf/sysroot/usr/lib/libc.a(write.os)
                0x0000000000008584                __GI___write_nocancel
                0x0000000000008584                __write_nocancel
                0x00000000000085a0                __write
                0x00000000000085a0                __GI_write
                0x00000000000085a0                write
                0x00000000000085a0                __GI___libc_write
                0x00000000000085a0                __GI___write
                0x00000000000085a0                __libc_write
 .text          0x0000000000008610       0x90 /group/labworks/toolchain/buildroot.git/output/host/usr/arm-buildroot-linux-uclibcgnueabihf/sysroot/usr/lib/libc.a(read.os)
                0x0000000000008614                __read_nocancel
                0x0000000000008614                __GI___read_nocancel
                0x0000000000008630                __read
                0x0000000000008630                __GI_read
                0x0000000000008630                __libc_read
                0x0000000000008630                __GI___read
                0x0000000000008630                read
                0x0000000000008630                __GI___libc_read
 .text          0x00000000000086a0      0x490 /group/labworks/toolchain/buildroot.git/output/host/usr/arm-buildroot-linux-uclibcgnueabihf/sysroot/usr/lib/libc.a(_memcpy.os)
                0x00000000000086a0                _memcpy
 .text          0x0000000000008b30       0x68 /group/labworks/toolchain/buildroot.git/output/host/usr/arm-buildroot-linux-uclibcgnueabihf/sysroot/usr/lib/libc.a(__fp_range_check.os)
                0x0000000000008b30                __fp_range_check
 .text          0x0000000000008b98      0x378 /group/labworks/toolchain/buildroot.git/output/host/usr/arm-buildroot-linux-uclibcgnueabihf/sysroot/usr/lib/libc.a(__strtofpmax_l.os)
                0x0000000000008b98                __strtofpmax_l
 .text          0x0000000000008f10      0x890 /group/labworks/toolchain/buildroot.git/output/host/usr/arm-buildroot-linux-uclibcgnueabihf/sysroot/usr/lib/libc.a(_fpmaxtostr.os)
                0x0000000000008f10                _fpmaxtostr
 .text          0x00000000000097a0       0x3c /group/labworks/toolchain/buildroot.git/output/host/usr/arm-buildroot-linux-uclibcgnueabihf/sysroot/usr/lib/crt1.o
                0x00000000000097a0                _start
 .text          0x00000000000097dc      0x108 /group/labworks/toolchain/buildroot.git/output/host/usr/lib/gcc/arm-buildroot-linux-uclibcgnueabihf/4.9.2/crtbeginT.o
 .text.applet_name_compare
                0x00000000000098e4       0x20 libbb/lib.a(appletlib.o)
 .text.bb_show_usage
                0x0000000000009904        0x8 libbb/lib.a(appletlib.o)
                0x0000000000009904                bb_show_usage
 .text.find_applet_by_name
                0x000000000000990c       0x2c libbb/lib.a(appletlib.o)
                0x000000000000990c                find_applet_by_name
 .text.lbb_prepare
                0x0000000000009938       0x28 libbb/lib.a(appletlib.o)
                0x0000000000009938                lbb_prepare
 .text.run_applet_no_and_exit
                0x0000000000009960       0x9c libbb/lib.a(appletlib.o)
                0x0000000000009960                run_applet_no_and_exit
 .text.run_applet_and_exit
                0x00000000000099fc      0x388 libbb/lib.a(appletlib.o)
                0x00000000000099fc                run_applet_and_exit
 .text.main     0x0000000000009d84       0x78 libbb/lib.a(appletlib.o)
                0x0000000000009d84                main
 .text.concat_path_file
                0x0000000000009dfc       0x68 libbb/lib.a(concat_path_file.o)
                0x0000000000009dfc                concat_path_file
 .text.bb_basename
                0x0000000000009e64       0x20 libbb/lib.a(get_last_path_component.o)
                0x0000000000009e64                bb_basename
 .text.bb_get_last_path_component_nostrip
                0x0000000000009e84       0x3c libbb/lib.a(get_last_path_component.o)
                0x0000000000009e84                bb_get_last_path_component_nostrip
 .text.bb_get_last_path_component_strip
                0x0000000000009ec0       0x50 libbb/lib.a(get_last_path_component.o)
                0x0000000000009ec0                bb_get_last_path_component_strip
 .text.last_char_is
                0x0000000000009f10       0x4c libbb/lib.a(last_char_is.o)
                0x0000000000009f10                last_char_is
 .text.bb_perror_msg
                0x0000000000009f5c       0x4c libbb/lib.a(perror_msg.o)
                0x0000000000009f5c                bb_perror_msg
 .text.bb_perror_msg_and_die
                0x0000000000009fa8       0x40 libbb/lib.a(perror_msg.o)
                0x0000000000009fa8                bb_perror_msg_and_die
 .text.bb_simple_perror_msg
                0x0000000000009fe8       0x10 libbb/lib.a(perror_msg.o)
                0x0000000000009fe8                bb_simple_perror_msg
 .text.bb_simple_perror_msg_and_die
                0x0000000000009ff8       0x14 libbb/lib.a(perror_msg.o)
                0x0000000000009ff8                bb_simple_perror_msg_and_die
 .text.bb_verror_msg
                0x000000000000a00c      0x1c8 libbb/lib.a(verror_msg.o)
                0x000000000000a00c                bb_verror_msg
 .text.bb_error_msg_and_die
                0x000000000000a1d4       0x20 libbb/lib.a(verror_msg.o)
                0x000000000000a1d4                bb_error_msg_and_die
 .text.bb_error_msg
                0x000000000000a1f4       0x2c libbb/lib.a(verror_msg.o)
                0x000000000000a1f4                bb_error_msg
 .text.xfunc_die
                0x000000000000a220       0x2c libbb/lib.a(xfunc_die.o)
                0x000000000000a220                xfunc_die
 .text.ndelay_on
                0x000000000000a24c       0x30 libbb/lib.a(xfuncs.o)
                0x000000000000a24c                ndelay_on
 .text.close_on_exec_on
                0x000000000000a27c        0xc libbb/lib.a(xfuncs.o)
                0x000000000000a27c                close_on_exec_on
 .text.strncpy_IFNAMSIZ
                0x000000000000a288        0x8 libbb/lib.a(xfuncs.o)
                0x000000000000a288                strncpy_IFNAMSIZ
 .text.utoa_to_buf
                0x000000000000a290       0xa0 libbb/lib.a(xfuncs.o)
                0x000000000000a290                utoa_to_buf
 .text.itoa_to_buf
                0x000000000000a330       0x2c libbb/lib.a(xfuncs.o)
                0x000000000000a330                itoa_to_buf
 .text.utoa     0x000000000000a35c       0x28 libbb/lib.a(xfuncs.o)
                0x000000000000a35c                utoa
 .text.itoa     0x000000000000a384       0x28 libbb/lib.a(xfuncs.o)
                0x000000000000a384                itoa
 .text.bin2hex  0x000000000000a3ac       0x4c libbb/lib.a(xfuncs.o)
                0x000000000000a3ac                bin2hex
 .text.hex2bin  0x000000000000a3f8       0xfc libbb/lib.a(xfuncs.o)
                0x000000000000a3f8                hex2bin
 .text.full_write2_str
                0x000000000000a4f4       0x20 libbb/lib.a(xfuncs.o)
                0x000000000000a4f4                full_write2_str
 .text.get_terminal_width_height
                0x000000000000a514       0xdc libbb/lib.a(xfuncs.o)
                0x000000000000a514                get_terminal_width_height
 .text.tcsetattr_stdin_TCSANOW
                0x000000000000a5f0       0x10 libbb/lib.a(xfuncs.o)
                0x000000000000a5f0                tcsetattr_stdin_TCSANOW
 .text.safe_waitpid
                0x000000000000a600       0x44 libbb/lib.a(xfuncs.o)
                0x000000000000a600                safe_waitpid
 .text.wait_any_nohang
                0x000000000000a644       0x10 libbb/lib.a(xfuncs.o)
                0x000000000000a644                wait_any_nohang
 .text.wait4pid
                0x000000000000a654       0x58 libbb/lib.a(xfuncs.o)
                0x000000000000a654                wait4pid
 .text.xmalloc  0x000000000000a6ac       0x30 libbb/lib.a(xfuncs_printf.o)
                0x000000000000a6ac                xmalloc
 .text.xrealloc
                0x000000000000a6dc       0x30 libbb/lib.a(xfuncs_printf.o)
                0x000000000000a6dc                xrealloc
 .text.xzalloc  0x000000000000a70c       0x24 libbb/lib.a(xfuncs_printf.o)
                0x000000000000a70c                xzalloc
 .text.xstrdup  0x000000000000a730       0x2c libbb/lib.a(xfuncs_printf.o)
                0x000000000000a730                xstrdup
 .text.xstrndup
                0x000000000000a75c       0x50 libbb/lib.a(xfuncs_printf.o)
                0x000000000000a75c                xstrndup
 .text.xfopen   0x000000000000a7ac       0x24 libbb/lib.a(xfuncs_printf.o)
                0x000000000000a7ac                xfopen
 .text.xopen3   0x000000000000a7d0       0x24 libbb/lib.a(xfuncs_printf.o)
                0x000000000000a7d0                xopen3
 .text.xopen    0x000000000000a7f4        0xc libbb/lib.a(xfuncs_printf.o)
                0x000000000000a7f4                xopen
 .text.open3_or_warn
                0x000000000000a800       0x2c libbb/lib.a(xfuncs_printf.o)
                0x000000000000a800                open3_or_warn
 .text.open_or_warn
                0x000000000000a82c        0xc libbb/lib.a(xfuncs_printf.o)
                0x000000000000a82c                open_or_warn
 .text.xopen_nonblocking
                0x000000000000a838        0x8 libbb/lib.a(xfuncs_printf.o)
                0x000000000000a838                xopen_nonblocking
 .text.xpipe    0x000000000000a840       0x1c libbb/lib.a(xfuncs_printf.o)
                0x000000000000a840                xpipe
 .text.xdup2    0x000000000000a85c       0x20 libbb/lib.a(xfuncs_printf.o)
                0x000000000000a85c                xdup2
 .text.xmove_fd
                0x000000000000a87c       0x20 libbb/lib.a(xfuncs_printf.o)
                0x000000000000a87c                xmove_fd
 .text.xwrite   0x000000000000a89c       0x24 libbb/lib.a(xfuncs_printf.o)
                0x000000000000a89c                xwrite
 .text.xwrite_str
                0x000000000000a8c0       0x28 libbb/lib.a(xfuncs_printf.o)
                0x000000000000a8c0                xwrite_str
 .text.xclose   0x000000000000a8e8       0x1c libbb/lib.a(xfuncs_printf.o)
                0x000000000000a8e8                xclose
 .text.xlseek   0x000000000000a904       0x3c libbb/lib.a(xfuncs_printf.o)
                0x000000000000a904                xlseek
 .text.fflush_all
                0x000000000000a940        0x8 libbb/lib.a(xfuncs_printf.o)
                0x000000000000a940                fflush_all
 .text.bb_putchar
                0x000000000000a948       0x10 libbb/lib.a(xfuncs_printf.o)
                0x000000000000a948                bb_putchar
 .text.xasprintf
                0x000000000000a958       0x44 libbb/lib.a(xfuncs_printf.o)
                0x000000000000a958                xasprintf
 .text.xsetenv  0x000000000000a99c       0x20 libbb/lib.a(xfuncs_printf.o)
                0x000000000000a99c                xsetenv
 .text.bb_unsetenv
                0x000000000000a9bc       0x40 libbb/lib.a(xfuncs_printf.o)
                0x000000000000a9bc                bb_unsetenv
 .text.bb_unsetenv_and_free
                0x000000000000a9fc       0x18 libbb/lib.a(xfuncs_printf.o)
                0x000000000000a9fc                bb_unsetenv_and_free
 .text.xsetgid  0x000000000000aa14       0x1c libbb/lib.a(xfuncs_printf.o)
                0x000000000000aa14                xsetgid
 .text.xsetuid  0x000000000000aa30       0x1c libbb/lib.a(xfuncs_printf.o)
                0x000000000000aa30                xsetuid
 .text.xchdir   0x000000000000aa4c       0x24 libbb/lib.a(xfuncs_printf.o)
                0x000000000000aa4c                xchdir
 .text.warn_opendir
                0x000000000000aa70       0x2c libbb/lib.a(xfuncs_printf.o)
                0x000000000000aa70                warn_opendir
 .text.xopendir
                0x000000000000aa9c       0x24 libbb/lib.a(xfuncs_printf.o)
                0x000000000000aa9c                xopendir
 .text.xsocket  0x000000000000aac0       0x1c libbb/lib.a(xfuncs_printf.o)
                0x000000000000aac0                xsocket
 .text.xbind    0x000000000000aadc       0x1c libbb/lib.a(xfuncs_printf.o)
                0x000000000000aadc                xbind
 .text.xlisten  0x000000000000aaf8       0x1c libbb/lib.a(xfuncs_printf.o)
                0x000000000000aaf8                xlisten
 .text.xsendto  0x000000000000ab14       0x34 libbb/lib.a(xfuncs_printf.o)
                0x000000000000ab14                xsendto
 .text.xstat    0x000000000000ab48       0x24 libbb/lib.a(xfuncs_printf.o)
                0x000000000000ab48                xstat
 .text.ioctl_or_perror_and_die
                0x000000000000ab6c       0x54 libbb/lib.a(xfuncs_printf.o)
                0x000000000000ab6c                ioctl_or_perror_and_die
 .text.ioctl_or_perror
                0x000000000000abc0       0x54 libbb/lib.a(xfuncs_printf.o)
                0x000000000000abc0                ioctl_or_perror
 .text.bb_ioctl_or_warn
                0x000000000000ac14       0x2c libbb/lib.a(xfuncs_printf.o)
                0x000000000000ac14                bb_ioctl_or_warn
 .text.bb_xioctl
                0x000000000000ac40       0x24 libbb/lib.a(xfuncs_printf.o)
                0x000000000000ac40                bb_xioctl
 .text.xmalloc_ttyname
                0x000000000000ac64       0x30 libbb/lib.a(xfuncs_printf.o)
                0x000000000000ac64                xmalloc_ttyname
 .text.xfork    0x000000000000ac94       0x1c libbb/lib.a(xfuncs_printf.o)
                0x000000000000ac94                xfork
 .text.xmalloc_readlink
                0x000000000000acb0       0x64 libbb/lib.a(xreadlink.o)
                0x000000000000acb0                xmalloc_readlink
 .text.xmalloc_readlink_or_warn
                0x000000000000ad14       0x54 libbb/lib.a(xreadlink.o)
                0x000000000000ad14                xmalloc_readlink_or_warn
 .text.xmalloc_realpath
                0x000000000000ad68        0x8 libbb/lib.a(xreadlink.o)
                0x000000000000ad68                xmalloc_realpath
 .text.bb_full_fd_action
                0x000000000000ad70       0xe8 libbb/lib.a(copyfd.o)
 .text.bb_copyfd_eof
                0x000000000000ae58        0x8 libbb/lib.a(copyfd.o)
                0x000000000000ae58                bb_copyfd_eof
 .text.full_write
                0x000000000000ae60       0x58 libbb/lib.a(full_write.o)
                0x000000000000ae60                full_write
 .text.safe_read
                0x000000000000aeb8       0x44 libbb/lib.a(read.o)
                0x000000000000aeb8                safe_read
 .text.full_read
                0x000000000000aefc       0x5c libbb/lib.a(read.o)
                0x000000000000aefc                full_read
 .text.read_close
                0x000000000000af58       0x20 libbb/lib.a(read.o)
                0x000000000000af58                read_close
 .text.open_read_close
                0x000000000000af78       0x2c libbb/lib.a(read.o)
                0x000000000000af78                open_read_close
 .text.safe_write
                0x000000000000afa4       0x44 libbb/lib.a(safe_write.o)
                0x000000000000afa4                safe_write
 .text.parse_datestr
                0x000000000000afe8      0x424 libbb/lib.a(time.o)
                0x000000000000afe8                parse_datestr
 .text.validate_tm_time
                0x000000000000b40c       0x28 libbb/lib.a(time.o)
                0x000000000000b40c                validate_tm_time
 .text.strftime_HHMMSS
                0x000000000000b434       0x48 libbb/lib.a(time.o)
                0x000000000000b434                strftime_HHMMSS
 .text.monotonic_us
                0x000000000000b47c       0x30 libbb/lib.a(time.o)
                0x000000000000b47c                monotonic_us
 .text.monotonic_ms
                0x000000000000b4ac       0x34 libbb/lib.a(time.o)
                0x000000000000b4ac                monotonic_ms
 .text.monotonic_sec
                0x000000000000b4e0        0x8 libbb/lib.a(time.o)
                0x000000000000b4e0                monotonic_sec
 .text.handle_errors.isra.0
                0x000000000000b4e8       0x64 libbb/lib.a(bb_strtonum.o)
 .text.bb_strtoull
                0x000000000000b54c       0x74 libbb/lib.a(bb_strtonum.o)
                0x000000000000b54c                bb_strtoull
 .text.bb_strtoll
                0x000000000000b5c0       0x80 libbb/lib.a(bb_strtonum.o)
                0x000000000000b5c0                bb_strtoll
 .text.bb_strtoul
                0x000000000000b640       0x70 libbb/lib.a(bb_strtonum.o)
                0x000000000000b640                bb_strtoul
 .text.bb_strtol
                0x000000000000b6b0       0x7c libbb/lib.a(bb_strtonum.o)
                0x000000000000b6b0                bb_strtol
 .text.scan_ip  0x000000000000b72c       0xd8 networking/lib.a(httpd.o)
 .text.checkPermIP
                0x000000000000b804       0x5c networking/lib.a(httpd.o)
 .text.free_llist
                0x000000000000b860       0x2c networking/lib.a(httpd.o)
 .text.parse_conf
                0x000000000000b88c      0x5bc networking/lib.a(httpd.o)
 .text.sighup_handler
                0x000000000000be48       0x10 networking/lib.a(httpd.o)
 .text.get_line
                0x000000000000be58       0xb0 networking/lib.a(httpd.o)
 .text.check_user_passwd
                0x000000000000bf08      0x1c8 networking/lib.a(httpd.o)
 .text.log_and_exit
                0x000000000000c0d0       0x44 networking/lib.a(httpd.o)
 .text.cgi_io_loop_and_exit
                0x000000000000c114      0x26c networking/lib.a(httpd.o)
 .text.setenv1  0x000000000000c380       0x18 networking/lib.a(httpd.o)
 .text.send_file_and_exit
                0x000000000000c398      0x310 networking/lib.a(httpd.o)
 .text.send_headers
                0x000000000000c6a8      0x30c networking/lib.a(httpd.o)
 .text.send_headers_and_exit
                0x000000000000c9b4       0x20 networking/lib.a(httpd.o)
 .text.send_REQUEST_TIMEOUT_and_exit
                0x000000000000c9d4        0xc networking/lib.a(httpd.o)
 .text.send_cgi_and_exit
                0x000000000000c9e0      0x3f4 networking/lib.a(httpd.o)
 .text.handle_incoming_and_exit
                0x000000000000cdd4      0xad8 networking/lib.a(httpd.o)
 .text.httpd_main
                0x000000000000d8ac      0x39c networking/lib.a(httpd.o)
                0x000000000000d8ac                httpd_main
 .text.ifconfig_main
                0x000000000000dc48      0x410 networking/lib.a(ifconfig.o)
                0x000000000000dc48                ifconfig_main
 .text.UNSPEC_print
                0x000000000000e058       0x64 networking/lib.a(interface.o)
 .text.UNSPEC_sprint
                0x000000000000e0bc       0x30 networking/lib.a(interface.o)
 .text.INET_input
                0x000000000000e0ec        0x8 networking/lib.a(interface.o)
 .text.INET_sprint
                0x000000000000e0f4       0x5c networking/lib.a(interface.o)
 .text.ether_print
                0x000000000000e150       0x58 networking/lib.a(interface.o)
 .text.add_interface
                0x000000000000e1a8       0x90 networking/lib.a(interface.o)
 .text.if_readconf
                0x000000000000e238       0xc8 networking/lib.a(interface.o)
 .text.if_readlist_proc
                0x000000000000e300      0x284 networking/lib.a(interface.o)
 .text.do_if_fetch
                0x000000000000e584      0x304 networking/lib.a(interface.o)
 .text.print_bytes_scaled
                0x000000000000e888       0x9c networking/lib.a(interface.o)
 .text.get_hwntype
                0x000000000000e924       0x28 networking/lib.a(interface.o)
                0x000000000000e924                get_hwntype
 .text.ife_print
                0x000000000000e94c      0x420 networking/lib.a(interface.o)
 .text.display_interfaces
                0x000000000000ed6c       0xe4 networking/lib.a(interface.o)
                0x000000000000ed6c                display_interfaces
 .text.print_stats_and_exit
                0x000000000000ee50      0x264 networking/lib.a(ping.o)
 .text.sendping4
                0x000000000000f0b4      0x2dc networking/lib.a(ping.o)
 .text.ping_main
                0x000000000000f390      0x934 networking/lib.a(ping.o)
                0x000000000000f390                ping_main
 .text.kw_lookup
                0x000000000000fcc4       0x80 networking/lib.a(route.o)
 .text.INET_setroute
                0x000000000000fd44      0x390 networking/lib.a(route.o)
 .text.bb_displayroutes
                0x00000000000100d4      0x218 networking/lib.a(route.o)
                0x00000000000100d4                bb_displayroutes
 .text.route_main
                0x00000000000102ec      0x10c networking/lib.a(route.o)
                0x00000000000102ec                route_main
 .text.handle_sigchld
                0x00000000000103f8       0x74 networking/lib.a(telnetd.o)
 .text.make_new_session
                0x000000000001046c      0x268 networking/lib.a(telnetd.o)
 .text.free_session
                0x00000000000106d4      0x174 networking/lib.a(telnetd.o)
 .text.telnetd_main
                0x0000000000010848      0x95c networking/lib.a(telnetd.o)
                0x0000000000010848                telnetd_main
 .text.alloc_dhcp_option
                0x00000000000111a4       0x54 networking/udhcp/lib.a(dhcpc.o)
 .text.init_packet
                0x00000000000111f8       0xe0 networking/udhcp/lib.a(dhcpc.o)
 .text.add_client_options
                0x00000000000112d8      0x190 networking/udhcp/lib.a(dhcpc.o)
 .text.raw_bcast_from_client_config_ifindex
                0x0000000000011468       0x58 networking/udhcp/lib.a(dhcpc.o)
 .text.send_discover
                0x00000000000114c0       0x5c networking/udhcp/lib.a(dhcpc.o)
 .text.send_select
                0x000000000001151c       0x74 networking/udhcp/lib.a(dhcpc.o)
 .text.send_decline
                0x0000000000011590       0x58 networking/udhcp/lib.a(dhcpc.o)
 .text.send_renew
                0x00000000000115e8       0x74 networking/udhcp/lib.a(dhcpc.o)
 .text.udhcp_recv_raw_packet
                0x000000000001165c      0x2b0 networking/udhcp/lib.a(dhcpc.o)
 .text.client_background
                0x000000000001190c       0x4c networking/udhcp/lib.a(dhcpc.o)
 .text.sprint_nip
                0x0000000000011958       0x3c networking/udhcp/lib.a(dhcpc.o)
 .text.change_listen_mode
                0x0000000000011994      0x20c networking/udhcp/lib.a(dhcpc.o)
 .text.xmalloc_optname_optval.isra.0
                0x0000000000011ba0      0x3f8 networking/udhcp/lib.a(dhcpc.o)
 .text.udhcp_run_script
                0x0000000000011f98      0x400 networking/udhcp/lib.a(dhcpc.o)
 .text.send_release
                0x0000000000012398       0x74 networking/udhcp/lib.a(dhcpc.o)
 .text.perform_release
                0x000000000001240c       0x94 networking/udhcp/lib.a(dhcpc.o)
 .text.udhcpc_main
                0x00000000000124a0      0xcdc networking/udhcp/lib.a(dhcpc.o)
                0x00000000000124a0                udhcpc_main
 .text.dname_dec
                0x000000000001317c      0x158 networking/udhcp/lib.a(domain_codec.o)
                0x000000000001317c                dname_dec
 .text.dname_enc
                0x00000000000132d4      0x208 networking/udhcp/lib.a(domain_codec.o)
                0x00000000000132d4                dname_enc
 .text.udhcp_init_header
                0x00000000000134dc       0x88 networking/udhcp/lib.a(packet.o)
                0x00000000000134dc                udhcp_init_header
 .text.udhcp_dump_packet
                0x0000000000013564       0xf8 networking/udhcp/lib.a(packet.o)
                0x0000000000013564                udhcp_dump_packet
 .text.udhcp_recv_kernel_packet
                0x000000000001365c       0xc8 networking/udhcp/lib.a(packet.o)
                0x000000000001365c                udhcp_recv_kernel_packet
 .text.udhcp_send_raw_packet
                0x0000000000013724      0x1dc networking/udhcp/lib.a(packet.o)
                0x0000000000013724                udhcp_send_raw_packet
 .text.udhcp_send_kernel_packet
                0x0000000000013900      0x14c networking/udhcp/lib.a(packet.o)
                0x0000000000013900                udhcp_send_kernel_packet
 .text.signal_handler
                0x0000000000013a4c       0x3c networking/udhcp/lib.a(signalpipe.o)
 .text.udhcp_sp_setup
                0x0000000000013a88       0x40 networking/udhcp/lib.a(signalpipe.o)
                0x0000000000013a88                udhcp_sp_setup
 .text.udhcp_sp_fd_set
                0x0000000000013ac8       0x84 networking/udhcp/lib.a(signalpipe.o)
                0x0000000000013ac8                udhcp_sp_fd_set
 .text.udhcp_sp_read
                0x0000000000013b4c       0x50 networking/udhcp/lib.a(signalpipe.o)
                0x0000000000013b4c                udhcp_sp_read
 .text.udhcp_read_interface
                0x0000000000013b9c      0x198 networking/udhcp/lib.a(socket.o)
                0x0000000000013b9c                udhcp_read_interface
 .text.udhcp_listen_socket
                0x0000000000013d34       0xec networking/udhcp/lib.a(socket.o)
                0x0000000000013d34                udhcp_listen_socket
 .text.arpping  0x0000000000013e20      0x228 networking/udhcp/lib.a(arpping.o)
                0x0000000000013e20                arpping
 .text.log_option
                0x0000000000014048       0x5c networking/udhcp/lib.a(common.o)
 .text.udhcp_option_idx
                0x00000000000140a4       0x6c networking/udhcp/lib.a(common.o)
                0x00000000000140a4                udhcp_option_idx
 .text.udhcp_get_option
                0x0000000000014110       0xfc networking/udhcp/lib.a(common.o)
                0x0000000000014110                udhcp_get_option
 .text.udhcp_end_option
                0x000000000001420c       0x34 networking/udhcp/lib.a(common.o)
                0x000000000001420c                udhcp_end_option
 .text.udhcp_add_binary_option
                0x0000000000014240       0x70 networking/udhcp/lib.a(common.o)
                0x0000000000014240                udhcp_add_binary_option
 .text.udhcp_add_simple_option
                0x00000000000142b0       0x78 networking/udhcp/lib.a(common.o)
                0x00000000000142b0                udhcp_add_simple_option
 .text.udhcp_find_option
                0x0000000000014328       0x2c networking/udhcp/lib.a(common.o)
                0x0000000000014328                udhcp_find_option
 .text.attach_option
                0x0000000000014354      0x1f8 networking/udhcp/lib.a(common.o)
 .text.udhcp_str2nip
                0x000000000001454c       0x44 networking/udhcp/lib.a(common.o)
                0x000000000001454c                udhcp_str2nip
 .text.udhcp_str2optset
                0x0000000000014590      0x2a4 networking/udhcp/lib.a(common.o)
                0x0000000000014590                udhcp_str2optset
 .text.sprint_nip6
                0x0000000000014834       0x68 networking/udhcp/lib.a(common.o)
                0x0000000000014834                sprint_nip6
 .text.free_main
                0x000000000001489c      0x22c procps/lib.a(free.o)
                0x000000000001489c                free_main
 .text.kill_main
                0x0000000000014ac8      0x47c procps/lib.a(kill.o)
                0x0000000000014ac8                kill_main
 .text.ps_main  0x0000000000014f44      0x344 procps/lib.a(ps.o)
                0x0000000000014f44                ps_main
 .text.pid_sort
                0x0000000000015288       0x10 procps/lib.a(top.o)
 .text.mem_sort
                0x0000000000015298       0x24 procps/lib.a(top.o)
 .text.pcpu_sort
                0x00000000000152bc       0x10 procps/lib.a(top.o)
 .text.time_sort
                0x00000000000152cc       0x24 procps/lib.a(top.o)
 .text.mult_lvl_cmp
                0x00000000000152f0       0x88 procps/lib.a(top.o)
 .text.topmem_sort
                0x0000000000015378       0x74 procps/lib.a(top.o)
 .text.reset_term
                0x00000000000153ec       0x20 procps/lib.a(top.o)
 .text.fmt_100percent_8
                0x000000000001540c       0xb8 procps/lib.a(top.o)
 .text.sig_catcher
                0x00000000000154c4       0x14 procps/lib.a(top.o)
 .text.read_cpu_jiffy
                0x00000000000154d8      0x10c procps/lib.a(top.o)
 .text.get_jiffy_counts
                0x00000000000155e4      0x2a4 procps/lib.a(top.o)
 .text.do_stats
                0x0000000000015888      0x1f4 procps/lib.a(top.o)
 .text.display_process_list
                0x0000000000015a7c      0x7c4 procps/lib.a(top.o)
 .text.display_topmem_header
                0x0000000000016240      0x1cc procps/lib.a(top.o)
 .text.ulltoa6_and_space
                0x000000000001640c       0x1c procps/lib.a(top.o)
 .text.display_topmem_process_list
                0x0000000000016428      0x26c procps/lib.a(top.o)
 .text.handle_input
                0x0000000000016694      0x5f4 procps/lib.a(top.o)
 .text.top_main
                0x0000000000016c88      0x6c4 procps/lib.a(top.o)
                0x0000000000016c88                top_main
 .text.uptime_main
                0x000000000001734c      0x134 procps/lib.a(uptime.o)
                0x000000000001734c                uptime_main
 .text.isdigit_str9
                0x0000000000017480       0x34 shell/lib.a(ash.o)
 .text.var_end  0x00000000000174b4       0x28 shell/lib.a(ash.o)
 .text.stunalloc
                0x00000000000174dc       0x28 shell/lib.a(ash.o)
 .text.setstackmark
                0x0000000000017504       0x34 shell/lib.a(ash.o)
 .text.prefix   0x0000000000017538       0x28 shell/lib.a(ash.o)
 .text.varcmp   0x0000000000017560       0x44 shell/lib.a(ash.o)
 .text.hashvar  0x00000000000175a4       0x44 shell/lib.a(ash.o)
 .text.vpcmp    0x00000000000175e8        0xc shell/lib.a(ash.o)
 .text.findvar  0x00000000000175f4       0x38 shell/lib.a(ash.o)
 .text.lookupvar
                0x000000000001762c       0x58 shell/lib.a(ash.o)
 .text.bltinlookup
                0x0000000000017684       0x54 shell/lib.a(ash.o)
 .text.set_curjob
                0x00000000000176d8       0x6c shell/lib.a(ash.o)
 .text.getstatus
                0x0000000000017744       0x84 shell/lib.a(ash.o)
 .text.is_hidden_fd
                0x00000000000177c8       0x80 shell/lib.a(ash.o)
 .text.falsecmd
                0x0000000000017848        0x8 shell/lib.a(ash.o)
 .text.truecmd  0x0000000000017850        0x8 shell/lib.a(ash.o)
 .text.bltincmd
                0x0000000000017858       0x10 shell/lib.a(ash.o)
 .text.pungetc  0x0000000000017868       0x28 shell/lib.a(ash.o)
 .text.pushfile
                0x0000000000017890       0x2c shell/lib.a(ash.o)
 .text.freealias
                0x00000000000178bc       0x44 shell/lib.a(ash.o)
 .text.freeparam
                0x0000000000017900       0x38 shell/lib.a(ash.o)
 .text.freefunc
                0x0000000000017938       0x20 shell/lib.a(ash.o)
 .text.SIT      0x0000000000017958       0xa0 shell/lib.a(ash.o)
 .text.calcsize
                0x00000000000179f8      0x12c shell/lib.a(ash.o)
 .text.sizenodelist
                0x0000000000017b24       0x38 shell/lib.a(ash.o)
 .text.__lookupalias
                0x0000000000017b5c       0x68 shell/lib.a(ash.o)
 .text.msort    0x0000000000017bc4       0xb8 shell/lib.a(ash.o)
 .text.pstrcmp  0x0000000000017c7c        0xc shell/lib.a(ash.o)
 .text.raise_exception
                0x0000000000017c88       0x2c shell/lib.a(ash.o)
 .text.setparam
                0x0000000000017cb4       0x84 shell/lib.a(ash.o)
 .text.ignoresig
                0x0000000000017d38       0x3c shell/lib.a(ash.o)
 .text.raise_interrupt
                0x0000000000017d74       0x74 shell/lib.a(ash.o)
 .text.int_on   0x0000000000017de8       0x34 shell/lib.a(ash.o)
 .text.flush_stdout_stderr
                0x0000000000017e1c       0x28 shell/lib.a(ash.o)
 .text.clearcmdentry
                0x0000000000017e44       0x9c shell/lib.a(ash.o)
 .text.changepath
                0x0000000000017ee0       0xf0 shell/lib.a(ash.o)
 .text.unalias  0x0000000000017fd0       0x50 shell/lib.a(ash.o)
 .text.popstring
                0x0000000000018020       0xcc shell/lib.a(ash.o)
 .text.popstackmark
                0x00000000000180ec       0x80 shell/lib.a(ash.o)
 .text.setinputstring
                0x000000000001816c       0x58 shell/lib.a(ash.o)
 .text.recordregion
                0x00000000000181c4       0x70 shell/lib.a(ash.o)
 .text.removerecordregions
                0x0000000000018234      0x114 shell/lib.a(ash.o)
 .text.freejob  0x0000000000018348       0x84 shell/lib.a(ash.o)
 .text.delete_cmd_entry
                0x00000000000183cc       0x58 shell/lib.a(ash.o)
 .text.pushstring
                0x0000000000018424       0x9c shell/lib.a(ash.o)
 .text.force_int_on
                0x00000000000184c0       0x28 shell/lib.a(ash.o)
 .text.signal_handler
                0x00000000000184e8       0x50 shell/lib.a(ash.o)
 .text.popfile  0x0000000000018538       0x70 shell/lib.a(ash.o)
 .text.out1fmt  0x00000000000185a8       0x4c shell/lib.a(ash.o)
 .text.setsignal
                0x00000000000185f4      0x190 shell/lib.a(ash.o)
 .text.fmtstr   0x0000000000018784       0x50 shell/lib.a(ash.o)
 .text.scanleft
                0x00000000000187d4       0x7c shell/lib.a(ash.o)
 .text.scanright
                0x0000000000018850       0xb4 shell/lib.a(ash.o)
 .text.makejob  0x0000000000018904      0x190 shell/lib.a(ash.o)
 .text.sprint_status
                0x0000000000018a94       0xcc shell/lib.a(ash.o)
 .text.out2str  0x0000000000018b60       0x38 shell/lib.a(ash.o)
 .text.dowait   0x0000000000018b98      0x19c shell/lib.a(ash.o)
 .text.blocking_wait_with_raise_on_sig
                0x0000000000018d34       0x38 shell/lib.a(ash.o)
 .text.stoppedjobs
                0x0000000000018d6c       0x60 shell/lib.a(ash.o)
 .text.pgetc    0x0000000000018dcc      0x1b0 shell/lib.a(ash.o)
 .text.pgetc_without_PEOA
                0x0000000000018f7c       0x1c shell/lib.a(ash.o)
 .text.cmdlookup
                0x0000000000018f98       0xc8 shell/lib.a(ash.o)
 .text.nodeckstrdup
                0x0000000000019060       0x3c shell/lib.a(ash.o)
 .text.copynode
                0x000000000001909c      0x15c shell/lib.a(ash.o)
 .text.copynodelist
                0x00000000000191f8       0x54 shell/lib.a(ash.o)
 .text.find_builtin
                0x000000000001924c       0x2c shell/lib.a(ash.o)
 .text.ulimitcmd
                0x0000000000019278        0x8 shell/lib.a(ash.o)
 .text.timescmd
                0x0000000000019280       0xb0 shell/lib.a(ash.o)
 .text.printfcmd
                0x0000000000019330        0x4 shell/lib.a(ash.o)
 .text.tryexec  0x0000000000019334       0xac shell/lib.a(ash.o)
 .text.echocmd  0x00000000000193e0        0x4 shell/lib.a(ash.o)
 .text.testcmd  0x00000000000193e4        0x4 shell/lib.a(ash.o)
 .text.errmsg   0x00000000000193e8       0x18 shell/lib.a(ash.o)
 .text.evalbltin.isra.1
                0x0000000000019400       0xec shell/lib.a(ash.o)
 .text.outcslow.constprop.6
                0x00000000000194ec       0x3c shell/lib.a(ash.o)
 .text.showjob  0x0000000000019528      0x1f4 shell/lib.a(ash.o)
 .text.showjobs
                0x000000000001971c       0x68 shell/lib.a(ash.o)
 .text.ash_vmsg
                0x0000000000019784       0xc8 shell/lib.a(ash.o)
 .text.ash_msg_and_raise_error
                0x000000000001984c       0x24 shell/lib.a(ash.o)
 .text.setvareq
                0x0000000000019870      0x118 shell/lib.a(ash.o)
 .text.listsetvar
                0x0000000000019988       0x48 shell/lib.a(ash.o)
 .text.setvar   0x00000000000199d0       0xe8 shell/lib.a(ash.o)
 .text.change_random
                0x0000000000019ab8       0x7c shell/lib.a(ash.o)
 .text.setvar2  0x0000000000019b34        0x8 shell/lib.a(ash.o)
 .text.unsetvar
                0x0000000000019b3c       0xb8 shell/lib.a(ash.o)
 .text.setvarsafe
                0x0000000000019bf4       0x94 shell/lib.a(ash.o)
 .text.localcmd
                0x0000000000019c88      0x14c shell/lib.a(ash.o)
 .text.setpwd   0x0000000000019dd4       0xec shell/lib.a(ash.o)
 .text.number   0x0000000000019ec0       0x3c shell/lib.a(ash.o)
 .text.getoptsreset
                0x0000000000019efc       0x24 shell/lib.a(ash.o)
 .text.shiftcmd
                0x0000000000019f20       0xc0 shell/lib.a(ash.o)
 .text.returncmd
                0x0000000000019fe0       0x44 shell/lib.a(ash.o)
 .text.exitcmd  0x000000000001a024       0x40 shell/lib.a(ash.o)
 .text.copyfd   0x000000000001a064       0x5c shell/lib.a(ash.o)
 .text.popredir
                0x000000000001a0c0       0xe0 shell/lib.a(ash.o)
 .text.clearredir
                0x000000000001a1a0       0x38 shell/lib.a(ash.o)
 .text.stalloc  0x000000000001a1d8       0xa8 shell/lib.a(ash.o)
 .text.ststrdup
                0x000000000001a280       0x28 shell/lib.a(ash.o)
 .text.stzalloc
                0x000000000001a2a8       0x1c shell/lib.a(ash.o)
 .text.addfname
                0x000000000001a2c4       0x38 shell/lib.a(ash.o)
 .text.expmeta  0x000000000001a2fc      0x2ac shell/lib.a(ash.o)
 .text.makename
                0x000000000001a5a8       0x38 shell/lib.a(ash.o)
 .text.nextopt  0x000000000001a5e0      0x110 shell/lib.a(ash.o)
 .text.unaliascmd
                0x000000000001a6f0       0xf0 shell/lib.a(ash.o)
 .text.cdopt    0x000000000001a7e0       0x38 shell/lib.a(ash.o)
 .text.pwdcmd   0x000000000001a818       0x58 shell/lib.a(ash.o)
 .text.unsetcmd
                0x000000000001a870       0x90 shell/lib.a(ash.o)
 .text.breakcmd
                0x000000000001a900       0x90 shell/lib.a(ash.o)
 .text.raise_error_syntax
                0x000000000001a990       0x14 shell/lib.a(ash.o)
 .text.setinputfile
                0x000000000001a9a4       0xec shell/lib.a(ash.o)
 .text.xtcsetpgrp
                0x000000000001aa90       0x1c shell/lib.a(ash.o)
 .text.waitforjob
                0x000000000001aaac       0xa0 shell/lib.a(ash.o)
 .text.forkchild
                0x000000000001ab4c      0x2f4 shell/lib.a(ash.o)
 .text.growstackblock
                0x000000000001ae40       0xf4 shell/lib.a(ash.o)
 .text.makestrspace
                0x000000000001af34       0x40 shell/lib.a(ash.o)
 .text.memtodest
                0x000000000001af74       0x84 shell/lib.a(ash.o)
 .text.stack_putstr
                0x000000000001aff8       0x30 shell/lib.a(ash.o)
 .text.cmdputs  0x000000000001b028      0x218 shell/lib.a(ash.o)
 .text.single_quote
                0x000000000001b240       0xc8 shell/lib.a(ash.o)
 .text.printalias
                0x000000000001b308       0x28 shell/lib.a(ash.o)
 .text.aliascmd
                0x000000000001b330      0x164 shell/lib.a(ash.o)
 .text.cvtnum   0x000000000001b494       0x4c shell/lib.a(ash.o)
 .text.rmescapes
                0x000000000001b4e0      0x170 shell/lib.a(ash.o)
 .text.growstackstr
                0x000000000001b650       0x54 shell/lib.a(ash.o)
 .text._STPUTC  0x000000000001b6a4       0x34 shell/lib.a(ash.o)
 .text.varvalue
                0x000000000001b6d8      0x368 shell/lib.a(ash.o)
 .text.listvars
                0x000000000001ba40       0xac shell/lib.a(ash.o)
 .text.showvars
                0x000000000001baec       0xc8 shell/lib.a(ash.o)
 .text.exportcmd
                0x000000000001bbb4       0xe0 shell/lib.a(ash.o)
 .text.path_advance
                0x000000000001bc94      0x11c shell/lib.a(ash.o)
 .text.getoptscmd
                0x000000000001bdb0      0x31c shell/lib.a(ash.o)
 .text.ash_arith
                0x000000000001c0cc       0x70 shell/lib.a(ash.o)
 .text.letcmd   0x000000000001c13c       0x44 shell/lib.a(ash.o)
 .text.umaskcmd
                0x000000000001c180      0x1bc shell/lib.a(ash.o)
 .text.readcmd  0x000000000001c33c      0x110 shell/lib.a(ash.o)
 .text.cdcmd    0x000000000001c44c      0x3b8 shell/lib.a(ash.o)
 .text.ash_msg  0x000000000001c804       0x28 shell/lib.a(ash.o)
 .text.options  0x000000000001c82c      0x2a4 shell/lib.a(ash.o)
 .text.setjobctl
                0x000000000001cad0      0x1a4 shell/lib.a(ash.o)
 .text.optschanged
                0x000000000001cc74       0x5c shell/lib.a(ash.o)
 .text.setcmd   0x000000000001ccd0       0x74 shell/lib.a(ash.o)
 .text.trapcmd  0x000000000001cd44      0x140 shell/lib.a(ash.o)
 .text.raise_error_unexpected_syntax
                0x000000000001ce84       0xa4 shell/lib.a(ash.o)
 .text.cmdtxt   0x000000000001cf28      0x380 shell/lib.a(ash.o)
 .text.forkshell
                0x000000000001d2a8      0x17c shell/lib.a(ash.o)
 .text.getjob   0x000000000001d424      0x18c shell/lib.a(ash.o)
 .text.waitcmd  0x000000000001d5b0      0x128 shell/lib.a(ash.o)
 .text.jobscmd  0x000000000001d6d8       0x90 shell/lib.a(ash.o)
 .text.killcmd  0x000000000001d768      0x120 shell/lib.a(ash.o)
 .text.argstr   0x000000000001d888      0x62c shell/lib.a(ash.o)
 .text.expandarg
                0x000000000001deb4      0x46c shell/lib.a(ash.o)
 .text.redirect
                0x000000000001e320      0x5e4 shell/lib.a(ash.o)
 .text.redirectsafe
                0x000000000001e904       0xbc shell/lib.a(ash.o)
 .text.expandstr
                0x000000000001e9c0       0x80 shell/lib.a(ash.o)
 .text.setprompt_if
                0x000000000001ea40       0x9c shell/lib.a(ash.o)
 .text.parseheredoc
                0x000000000001eadc       0x9c shell/lib.a(ash.o)
 .text.list     0x000000000001eb78      0x1f4 shell/lib.a(ash.o)
 .text.readtoken1
                0x000000000001ed6c     0x1094 shell/lib.a(ash.o)
 .text.xxreadtoken
                0x000000000001fe00      0x1b4 shell/lib.a(ash.o)
 .text.readtoken
                0x000000000001ffb4      0x110 shell/lib.a(ash.o)
 .text.parsefname
                0x00000000000200c4      0x190 shell/lib.a(ash.o)
 .text.parsecmd
                0x0000000000020254       0x68 shell/lib.a(ash.o)
 .text.parse_command
                0x00000000000202bc      0x760 shell/lib.a(ash.o)
 .text.pipeline
                0x0000000000020a1c       0xe0 shell/lib.a(ash.o)
 .text.expredir
                0x0000000000020afc      0x134 shell/lib.a(ash.o)
 .text.evaltree
                0x0000000000020c30      0x454 shell/lib.a(ash.o)
 .text.evalstring
                0x0000000000021084       0x68 shell/lib.a(ash.o)
 .text.evalcmd  0x00000000000210ec       0x8c shell/lib.a(ash.o)
 .text.exitshell
                0x0000000000021178       0x88 shell/lib.a(ash.o)
 .text.evalloop
                0x0000000000021200      0x108 shell/lib.a(ash.o)
 .text.evalfun  0x0000000000021308      0x250 shell/lib.a(ash.o)
 .text.cmdloop  0x0000000000021558      0x10c shell/lib.a(ash.o)
 .text.read_profile
                0x0000000000021664       0x30 shell/lib.a(ash.o)
 .text.dotcmd   0x0000000000021694      0x170 shell/lib.a(ash.o)
 .text.find_command
                0x0000000000021804      0x3e4 shell/lib.a(ash.o)
 .text.hashcmd  0x0000000000021be8      0x180 shell/lib.a(ash.o)
 .text.evalpipe
                0x0000000000021d68      0x1ac shell/lib.a(ash.o)
 .text.evalsubshell
                0x0000000000021f14       0xd8 shell/lib.a(ash.o)
 .text.evalfor  0x0000000000021fec      0x13c shell/lib.a(ash.o)
 .text.subevalvar
                0x0000000000022128      0x61c shell/lib.a(ash.o)
 .text.evalvar  0x0000000000022744      0x304 shell/lib.a(ash.o)
 .text.evalcase
                0x0000000000022a48      0x15c shell/lib.a(ash.o)
 .text.ash_msg_and_raise.constprop.5
                0x0000000000022ba4       0x28 shell/lib.a(ash.o)
 .text.shellexec
                0x0000000000022bcc      0x120 shell/lib.a(ash.o)
 .text.execcmd  0x0000000000022cec       0x50 shell/lib.a(ash.o)
 .text.evalcommand
                0x0000000000022d3c      0x5d4 shell/lib.a(ash.o)
 .text.out1str  0x0000000000023310       0x34 shell/lib.a(ash.o)
 .text.fg_bgcmd
                0x0000000000023344      0x190 shell/lib.a(ash.o)
 .text.describe_command
                0x00000000000234d4      0x200 shell/lib.a(ash.o)
 .text.typecmd  0x00000000000236d4       0x58 shell/lib.a(ash.o)
 .text.commandcmd
                0x000000000002372c       0x68 shell/lib.a(ash.o)
 .text.ash_main
                0x0000000000023794      0x628 shell/lib.a(ash.o)
                0x0000000000023794                ash_main
 .text.arith_apply
                0x0000000000023dbc      0x434 shell/lib.a(math.o)
 .text.evaluate_string
                0x00000000000241f0      0x338 shell/lib.a(math.o)
 .text.arith_lookup_val
                0x0000000000024528       0xb0 shell/lib.a(math.o)
 .text.arith    0x00000000000245d8       0x10 shell/lib.a(math.o)
                0x00000000000245d8                arith
 .text.next_random
                0x00000000000245e8       0x68 shell/lib.a(random.o)
                0x00000000000245e8                next_random
 .text.printlim.isra.0
                0x0000000000024650       0x38 shell/lib.a(shell_common.o)
 .text.is_well_formed_var_name
                0x0000000000024688       0x5c shell/lib.a(shell_common.o)
                0x0000000000024688                is_well_formed_var_name
 .text.shell_builtin_read
                0x00000000000246e4      0x4dc shell/lib.a(shell_common.o)
                0x00000000000246e4                shell_builtin_read
 .text.shell_builtin_ulimit
                0x0000000000024bc0      0x1ec shell/lib.a(shell_common.o)
                0x0000000000024bc0                shell_builtin_ulimit
 .text.dmesg_main
                0x0000000000024dac      0x150 util-linux/lib.a(dmesg.o)
                0x0000000000024dac                dmesg_main
 .text.fstrim_main
                0x0000000000024efc      0x114 util-linux/lib.a(fstrim.o)
                0x0000000000024efc                fstrim_main
 .text.dirAction
                0x0000000000025010      0x124 util-linux/lib.a(mdev.o)
 .text.make_default_cur_rule
                0x0000000000025134       0x54 util-linux/lib.a(mdev.o)
 .text.clean_up_cur_rule
                0x0000000000025188       0xc4 util-linux/lib.a(mdev.o)
 .text.mkdir_recursive
                0x000000000002524c       0x30 util-linux/lib.a(mdev.o)
 .text.make_device
                0x000000000002527c      0xd90 util-linux/lib.a(mdev.o)
 .text.fileAction
                0x000000000002600c       0x70 util-linux/lib.a(mdev.o)
 .text.curtime  0x000000000002607c       0x48 util-linux/lib.a(mdev.o)
 .text.mdev_main
                0x00000000000260c4      0x720 util-linux/lib.a(mdev.o)
                0x00000000000260c4                mdev_main
 .text.verbose_mount
                0x00000000000267e4       0x98 util-linux/lib.a(mount.o)
 .text.mount_it_now
                0x000000000002687c       0xec util-linux/lib.a(mount.o)
 .text.parse_mount_options
                0x0000000000026968      0x114 util-linux/lib.a(mount.o)
 .text.append_mount_options
                0x0000000000026a7c       0xf0 util-linux/lib.a(mount.o)
 .text.singlemount
                0x0000000000026b6c      0x538 util-linux/lib.a(mount.o)
 .text.mount_main
                0x00000000000270a4      0x584 util-linux/lib.a(mount.o)
                0x00000000000270a4                mount_main
 .text.umount_main
                0x0000000000027628      0x2f4 util-linux/lib.a(umount.o)
                0x0000000000027628                umount_main
 .text.uuidcache_init
                0x000000000002791c       0x54 util-linux/volume_id/lib.a(get_devname.o)
 .text.add_to_uuid_cache
                0x0000000000027970      0x118 util-linux/volume_id/lib.a(get_devname.o)
                0x0000000000027970                add_to_uuid_cache
 .text.uuidcache_check_device
                0x0000000000027a88       0x40 util-linux/volume_id/lib.a(get_devname.o)
 .text.get_devname_from_label
                0x0000000000027ac8       0x58 util-linux/volume_id/lib.a(get_devname.o)
                0x0000000000027ac8                get_devname_from_label
 .text.get_devname_from_uuid
                0x0000000000027b20       0x4c util-linux/volume_id/lib.a(get_devname.o)
                0x0000000000027b20                get_devname_from_uuid
 .text.resolve_mount_spec
                0x0000000000027b6c       0x80 util-linux/volume_id/lib.a(get_devname.o)
                0x0000000000027b6c                resolve_mount_spec
 .text.volume_id_probe_all
                0x0000000000027bec       0xe4 util-linux/volume_id/lib.a(volume_id.o)
                0x0000000000027bec                volume_id_probe_all
 .text.volume_id_open_node
                0x0000000000027cd0       0x18 util-linux/volume_id/lib.a(volume_id.o)
                0x0000000000027cd0                volume_id_open_node
 .text.free_volume_id
                0x0000000000027ce8       0x2c util-linux/volume_id/lib.a(volume_id.o)
                0x0000000000027ce8                free_volume_id
 .text.volume_id_probe_xfs
                0x0000000000027d14       0x70 util-linux/volume_id/lib.a(xfs.o)
                0x0000000000027d14                volume_id_probe_xfs
 .text.volume_id_probe_btrfs
                0x0000000000027d84       0x98 util-linux/volume_id/lib.a(btrfs.o)
                0x0000000000027d84                volume_id_probe_btrfs
 .text.volume_id_probe_cramfs
                0x0000000000027e1c       0x74 util-linux/volume_id/lib.a(cramfs.o)
                0x0000000000027e1c                volume_id_probe_cramfs
 .text.volume_id_probe_exfat
                0x0000000000027e90      0x16c util-linux/volume_id/lib.a(exfat.o)
                0x0000000000027e90                volume_id_probe_exfat
 .text.volume_id_probe_ext
                0x0000000000027ffc       0x6c util-linux/volume_id/lib.a(ext.o)
                0x0000000000027ffc                volume_id_probe_ext
 .text.volume_id_probe_f2fs
                0x0000000000028068       0xb4 util-linux/volume_id/lib.a(f2fs.o)
                0x0000000000028068                volume_id_probe_f2fs
 .text.get_attr_volume_id
                0x000000000002811c       0x70 util-linux/volume_id/lib.a(fat.o)
 .text.volume_id_probe_vfat
                0x000000000002818c      0x434 util-linux/volume_id/lib.a(fat.o)
                0x000000000002818c                volume_id_probe_vfat
 .text.hfs_set_uuid
                0x00000000000285c0       0xa4 util-linux/volume_id/lib.a(hfs.o)
 .text.volume_id_probe_hfs_hfsplus
                0x0000000000028664      0x31c util-linux/volume_id/lib.a(hfs.o)
                0x0000000000028664                volume_id_probe_hfs_hfsplus
 .text.volume_id_probe_iso9660
                0x0000000000028980      0x168 util-linux/volume_id/lib.a(iso9660.o)
                0x0000000000028980                volume_id_probe_iso9660
 .text.volume_id_probe_jfs
                0x0000000000028ae8       0x70 util-linux/volume_id/lib.a(jfs.o)
                0x0000000000028ae8                volume_id_probe_jfs
 .text.volume_id_probe_linux_raid
                0x0000000000028b58       0xe4 util-linux/volume_id/lib.a(linux_raid.o)
                0x0000000000028b58                volume_id_probe_linux_raid
 .text.volume_id_probe_linux_swap
                0x0000000000028c3c      0x130 util-linux/volume_id/lib.a(linux_swap.o)
                0x0000000000028c3c                volume_id_probe_linux_swap
 .text.volume_id_probe_luks
                0x0000000000028d6c       0x60 util-linux/volume_id/lib.a(luks.o)
                0x0000000000028d6c                volume_id_probe_luks
 .text.volume_id_probe_nilfs
                0x0000000000028dcc       0x74 util-linux/volume_id/lib.a(nilfs.o)
                0x0000000000028dcc                volume_id_probe_nilfs
 .text.volume_id_probe_ntfs
                0x0000000000028e40      0x1c0 util-linux/volume_id/lib.a(ntfs.o)
                0x0000000000028e40                volume_id_probe_ntfs
 .text.volume_id_probe_ocfs2
                0x0000000000029000       0x70 util-linux/volume_id/lib.a(ocfs2.o)
                0x0000000000029000                volume_id_probe_ocfs2
 .text.volume_id_probe_reiserfs
                0x0000000000029070      0x12c util-linux/volume_id/lib.a(reiserfs.o)
                0x0000000000029070                volume_id_probe_reiserfs
 .text.volume_id_probe_romfs
                0x000000000002919c       0x70 util-linux/volume_id/lib.a(romfs.o)
                0x000000000002919c                volume_id_probe_romfs
 .text.volume_id_probe_sysv
                0x000000000002920c      0x114 util-linux/volume_id/lib.a(sysv.o)
                0x000000000002920c                volume_id_probe_sysv
 .text.volume_id_probe_udf
                0x0000000000029320      0x2e8 util-linux/volume_id/lib.a(udf.o)
                0x0000000000029320                volume_id_probe_udf
 .text.volume_id_set_unicode16
                0x0000000000029608       0xcc util-linux/volume_id/lib.a(util.o)
                0x0000000000029608                volume_id_set_unicode16
 .text.volume_id_set_label_string
                0x00000000000296d4       0x58 util-linux/volume_id/lib.a(util.o)
                0x00000000000296d4                volume_id_set_label_string
 .text.volume_id_set_label_unicode16
                0x000000000002972c       0x2c util-linux/volume_id/lib.a(util.o)
                0x000000000002972c                volume_id_set_label_unicode16
 .text.volume_id_set_uuid
                0x0000000000029758      0x178 util-linux/volume_id/lib.a(util.o)
                0x0000000000029758                volume_id_set_uuid
 .text.volume_id_free_buffer
                0x00000000000298d0       0x3c util-linux/volume_id/lib.a(util.o)
                0x00000000000298d0                volume_id_free_buffer
 .text.volume_id_get_buffer
                0x000000000002990c      0x130 util-linux/volume_id/lib.a(util.o)
                0x000000000002990c                volume_id_get_buffer
 .text.loadkmap_main
                0x0000000000029a3c       0xe8 console-tools/lib.a(loadkmap.o)
                0x0000000000029a3c                loadkmap_main
 .text.bb_cat   0x0000000000029b24       0x70 coreutils/lib.a(cat.o)
                0x0000000000029b24                bb_cat
 .text.cat_main
                0x0000000000029b94       0x30 coreutils/lib.a(cat.o)
                0x0000000000029b94                cat_main
 .text.fileAction
                0x0000000000029bc4       0x90 coreutils/lib.a(chmod.o)
 .text.chmod_main
                0x0000000000029c54       0xf0 coreutils/lib.a(chmod.o)
                0x0000000000029c54                chmod_main
 .text.fileAction
                0x0000000000029d44       0x54 coreutils/lib.a(chown.o)
 .text.chown_main
                0x0000000000029d98       0xc8 coreutils/lib.a(chown.o)
                0x0000000000029d98                chown_main
 .text.echo_main
                0x0000000000029e60      0x1ac coreutils/lib.a(echo.o)
                0x0000000000029e60                echo_main
 .text.append_char
                0x000000000002a00c       0x88 coreutils/lib.a(ls.o)
 .text.count_dirs
                0x000000000002a094       0x84 coreutils/lib.a(ls.o)
 .text.dnalloc  0x000000000002a118       0x14 coreutils/lib.a(ls.o)
 .text.splitdnarray
                0x000000000002a12c       0xa8 coreutils/lib.a(ls.o)
 .text.my_stat  0x000000000002a1d4      0x158 coreutils/lib.a(ls.o)
 .text.print_name
                0x000000000002a32c       0x9c coreutils/lib.a(ls.o)
 .text.display_single
                0x000000000002a3c8      0x3a0 coreutils/lib.a(ls.o)
 .text.display_files
                0x000000000002a768      0x1ec coreutils/lib.a(ls.o)
 .text.dnsort   0x000000000002a954       0x10 coreutils/lib.a(ls.o)
 .text.sortcmp  0x000000000002a964      0x118 coreutils/lib.a(ls.o)
 .text.scan_and_display_dirs_recur
                0x000000000002aa7c      0x22c coreutils/lib.a(ls.o)
 .text.ls_main  0x000000000002aca8      0x488 coreutils/lib.a(ls.o)
                0x000000000002aca8                ls_main
 .text.mv_main  0x000000000002b130      0x260 coreutils/lib.a(mv.o)
                0x000000000002b130                mv_main
 .text.get_width_prec
                0x000000000002b390       0x44 coreutils/lib.a(printf.o)
 .text.conv_strtoll
                0x000000000002b3d4       0x1c coreutils/lib.a(printf.o)
 .text.multiconvert
                0x000000000002b3f0       0x70 coreutils/lib.a(printf.o)
 .text.print_direc
                0x000000000002b460      0x248 coreutils/lib.a(printf.o)
 .text.conv_strtoull
                0x000000000002b6a8       0x4c coreutils/lib.a(printf.o)
 .text.conv_strtod
                0x000000000002b6f4       0x4c coreutils/lib.a(printf.o)
 .text.printf_main
                0x000000000002b740      0x3f0 coreutils/lib.a(printf.o)
                0x000000000002b740                printf_main
 .text.rm_main  0x000000000002bb30       0xe8 coreutils/lib.a(rm.o)
                0x000000000002bb30                rm_main
 .text.check_operator
                0x000000000002bc18       0x54 coreutils/lib.a(test.o)
 .text.syntax   0x000000000002bc6c       0x54 coreutils/lib.a(test.o)
 .text.getn     0x000000000002bcc0       0x7c coreutils/lib.a(test.o)
 .text.binop    0x000000000002bd3c      0x1d8 coreutils/lib.a(test.o)
 .text.nexpr    0x000000000002bf14      0x3d8 coreutils/lib.a(test.o)
 .text.aexpr    0x000000000002c2ec       0x70 coreutils/lib.a(test.o)
 .text.oexpr    0x000000000002c35c       0x70 coreutils/lib.a(test.o)
 .text.test_main
                0x000000000002c3cc      0x138 coreutils/lib.a(test.o)
                0x000000000002c3cc                test_main
 .text.touch_main
                0x000000000002c504      0x1a0 coreutils/lib.a(touch.o)
                0x000000000002c504                touch_main
 .text.tty_main
                0x000000000002c6a4       0x44 coreutils/lib.a(tty.o)
                0x000000000002c6a4                tty_main
 .text.uname_main
                0x000000000002c6e8       0xf0 coreutils/lib.a(uname.o)
                0x000000000002c6e8                uname_main
 .text.cp_mv_stat2
                0x000000000002c7d8       0x68 coreutils/libcoreutils/lib.a(cp_mv_stat.o)
                0x000000000002c7d8                cp_mv_stat2
 .text.cp_mv_stat
                0x000000000002c840        0xc coreutils/libcoreutils/lib.a(cp_mv_stat.o)
                0x000000000002c840                cp_mv_stat
 .text.dot_left
                0x000000000002c84c       0x30 editors/lib.a(vi.o)
 .text.dot_right
                0x000000000002c87c       0x30 editors/lib.a(vi.o)
 .text.dot_skip_over_ws
                0x000000000002c8ac       0x5c editors/lib.a(vi.o)
 .text.find_pair
                0x000000000002c908       0xbc editors/lib.a(vi.o)
 .text.end_cmd_q
                0x000000000002c9c4       0x20 editors/lib.a(vi.o)
 .text.what_reg
                0x000000000002c9e4       0x44 editors/lib.a(vi.o)
 .text.text_yank
                0x000000000002ca28       0x44 editors/lib.a(vi.o)
 .text.catch_sig
                0x000000000002ca6c       0x30 editors/lib.a(vi.o)
 .text.rawmode  0x000000000002ca9c       0x90 editors/lib.a(vi.o)
 .text.cookmode
                0x000000000002cb2c       0x20 editors/lib.a(vi.o)
 .text.query_screen_dimensions
                0x000000000002cb4c       0x44 editors/lib.a(vi.o)
 .text.screen_erase
                0x000000000002cb90       0x1c editors/lib.a(vi.o)
 .text.new_screen
                0x000000000002cbac       0x64 editors/lib.a(vi.o)
 .text.text_hole_delete
                0x000000000002cc10       0xb4 editors/lib.a(vi.o)
 .text.yank_delete
                0x000000000002ccc4       0x94 editors/lib.a(vi.o)
 .text.text_hole_make
                0x000000000002cd58       0xec editors/lib.a(vi.o)
 .text.status_line_bold
                0x000000000002ce44       0x68 editors/lib.a(vi.o)
 .text.status_line_bold_errno
                0x000000000002ceac       0x34 editors/lib.a(vi.o)
 .text.file_insert
                0x000000000002cee0      0x178 editors/lib.a(vi.o)
 .text.not_implemented
                0x000000000002d058       0xf4 editors/lib.a(vi.o)
 .text.status_line
                0x000000000002d14c       0x40 editors/lib.a(vi.o)
 .text.string_insert
                0x000000000002d18c       0x7c editors/lib.a(vi.o)
 .text.skip_thing
                0x000000000002d208      0x154 editors/lib.a(vi.o)
 .text.setops   0x000000000002d35c       0x80 editors/lib.a(vi.o)
 .text.mycmp    0x000000000002d3dc       0x20 editors/lib.a(vi.o)
 .text.file_write
                0x000000000002d3fc       0x84 editors/lib.a(vi.o)
 .text.begin_line
                0x000000000002d480       0x44 editors/lib.a(vi.o)
 .text.prev_line
                0x000000000002d4c4       0x34 editors/lib.a(vi.o)
 .text.dot_prev
                0x000000000002d4f8       0x20 editors/lib.a(vi.o)
 .text.move_to_col
                0x000000000002d518       0x80 editors/lib.a(vi.o)
 .text.dot_begin
                0x000000000002d598       0x20 editors/lib.a(vi.o)
 .text.end_line
                0x000000000002d5b8       0x44 editors/lib.a(vi.o)
 .text.next_line
                0x000000000002d5fc       0x34 editors/lib.a(vi.o)
 .text.find_line
                0x000000000002d630       0x30 editors/lib.a(vi.o)
 .text.char_search
                0x000000000002d660       0xe0 editors/lib.a(vi.o)
 .text.dot_next
                0x000000000002d740       0x20 editors/lib.a(vi.o)
 .text.count_lines
                0x000000000002d760       0x70 editors/lib.a(vi.o)
 .text.get_one_address
                0x000000000002d7d0      0x15c editors/lib.a(vi.o)
 .text.end_screen
                0x000000000002d92c       0x3c editors/lib.a(vi.o)
 .text.dot_scroll
                0x000000000002d968       0x7c editors/lib.a(vi.o)
 .text.dot_end  0x000000000002d9e4       0x20 editors/lib.a(vi.o)
 .text.mysleep  0x000000000002da04       0x38 editors/lib.a(vi.o)
 .text.write1   0x000000000002da3c       0x10 editors/lib.a(vi.o)
 .text.place_cursor
                0x000000000002da4c       0x5c editors/lib.a(vi.o)
 .text.go_bottom_and_clear_to_eol
                0x000000000002daa8       0x30 editors/lib.a(vi.o)
 .text.suspend_sig
                0x000000000002dad8       0x58 editors/lib.a(vi.o)
 .text.readit   0x000000000002db30       0x40 editors/lib.a(vi.o)
 .text.get_one_char
                0x000000000002db70       0x90 editors/lib.a(vi.o)
 .text.sync_cursor
                0x000000000002dc00      0x1ac editors/lib.a(vi.o)
 .text.refresh  0x000000000002ddac      0x308 editors/lib.a(vi.o)
 .text.get_input_line
                0x000000000002e0b4       0xf0 editors/lib.a(vi.o)
 .text.redraw   0x000000000002e1a4       0x48 editors/lib.a(vi.o)
 .text.cont_sig
                0x000000000002e1ec       0x58 editors/lib.a(vi.o)
 .text.winch_sig
                0x000000000002e244       0x50 editors/lib.a(vi.o)
 .text.Hit_Return
                0x000000000002e294       0x44 editors/lib.a(vi.o)
 .text.show_status_line
                0x000000000002e2d8      0x1dc editors/lib.a(vi.o)
 .text.Indicate_Error
                0x000000000002e4b4       0x60 editors/lib.a(vi.o)
 .text.bound_dot
                0x000000000002e514       0x50 editors/lib.a(vi.o)
 .text.char_insert
                0x000000000002e564      0x1e4 editors/lib.a(vi.o)
 .text.init_text_buffer
                0x000000000002e748       0xd0 editors/lib.a(vi.o)
 .text.colon    0x000000000002e818      0xcdc editors/lib.a(vi.o)
 .text.do_cmd   0x000000000002f4f4     0x16a4 editors/lib.a(vi.o)
 .text.find_range
                0x0000000000030b98      0x278 editors/lib.a(vi.o)
 .text.edit_file
                0x0000000000030e10      0x314 editors/lib.a(vi.o)
 .text.vi_main  0x0000000000031124      0x170 editors/lib.a(vi.o)
                0x0000000000031124                vi_main
 .text.print_line
                0x0000000000031294      0x18c findutils/lib.a(grep.o)
 .text.grep_file
                0x0000000000031420      0x810 findutils/lib.a(grep.o)
 .text.file_action_grep
                0x0000000000031c30       0x94 findutils/lib.a(grep.o)
 .text.grep_main
                0x0000000000031cc4      0x65c findutils/lib.a(grep.o)
                0x0000000000031cc4                grep_main
 .text.halt_main
                0x0000000000032320       0xc4 init/lib.a(halt.o)
                0x0000000000032320                halt_main
 .text.mark_terminated
                0x00000000000323e4       0x48 init/lib.a(init.o)
 .text.stop_handler
                0x000000000003242c       0x6c init/lib.a(init.o)
 .text.reset_sighandlers_and_unblock_sigs
                0x0000000000032498       0x20 init/lib.a(init.o)
 .text.pause_and_low_level_reboot
                0x00000000000324b8       0x3c init/lib.a(init.o)
 .text.set_sane_term
                0x00000000000324f4       0x9c init/lib.a(init.o)
 .text.new_init_action
                0x0000000000032590       0xb4 init/lib.a(init.o)
 .text.message  0x0000000000032644       0xc8 init/lib.a(init.o)
 .text.open_stdio_to_tty
                0x000000000003270c       0x84 init/lib.a(init.o)
 .text.init_exec
                0x0000000000032790      0x138 init/lib.a(init.o)
 .text.parse_inittab
                0x00000000000328c8      0x1b8 init/lib.a(init.o)
 .text.run      0x0000000000032a80      0x140 init/lib.a(init.o)
 .text.run_actions
                0x0000000000032bc0       0xb0 init/lib.a(init.o)
 .text.run_shutdown_and_kill_processes
                0x0000000000032c70       0x78 init/lib.a(init.o)
 .text.restart_handler
                0x0000000000032ce8       0x64 init/lib.a(init.o)
 .text.halt_reboot_pwoff
                0x0000000000032d4c       0x70 init/lib.a(init.o)
 .text.check_delayed_sigs
                0x0000000000032dbc       0xbc init/lib.a(init.o)
 .text.init_main
                0x0000000000032e78      0x368 init/lib.a(init.o)
                0x0000000000032e78                init_main
 .text.bb_ask_confirmation
                0x00000000000331e0       0x54 libbb/lib.a(ask_confirmation.o)
                0x00000000000331e0                bb_ask_confirmation
 .text.index_in_strings
                0x0000000000033234       0x58 libbb/lib.a(compare_string_array.o)
                0x0000000000033234                index_in_strings
 .text.index_in_substrings
                0x000000000003328c       0x90 libbb/lib.a(compare_string_array.o)
                0x000000000003328c                index_in_substrings
 .text.ask_and_unlink
                0x000000000003331c       0x94 libbb/lib.a(copy_file.o)
 .text.copy_file
                0x00000000000333b0      0x624 libbb/lib.a(copy_file.o)
                0x00000000000333b0                copy_file
 .text.device_open
                0x00000000000339d4       0x54 libbb/lib.a(device_open.o)
                0x00000000000339d4                device_open
 .text.endofname
                0x0000000000033a28       0x44 libbb/lib.a(endofname.o)
                0x0000000000033a28                endofname
 .text.fclose_if_not_stdin
                0x0000000000033a6c       0x50 libbb/lib.a(fclose_nonstdin.o)
                0x0000000000033a6c                fclose_if_not_stdin
 .text.fflush_stdout_and_exit
                0x0000000000033abc       0x34 libbb/lib.a(fflush_stdout_and_exit.o)
                0x0000000000033abc                fflush_stdout_and_exit
 .text.find_mount_point
                0x0000000000033af0      0x108 libbb/lib.a(find_mount_point.o)
                0x0000000000033af0                find_mount_point
 .text.find_pid_by_name
                0x0000000000033bf8      0x10c libbb/lib.a(find_pid_by_name.o)
                0x0000000000033bf8                find_pid_by_name
 .text.find_block_device_in_dir
                0x0000000000033d04      0x104 libbb/lib.a(find_root_device.o)
 .text.find_block_device
                0x0000000000033e08       0x54 libbb/lib.a(find_root_device.o)
                0x0000000000033e08                find_block_device
 .text.get_console_fd_or_die
                0x0000000000033e5c       0xe8 libbb/lib.a(get_console.o)
                0x0000000000033e5c                get_console_fd_or_die
 .text.bb_get_chunk_from_file
                0x0000000000033f44       0xac libbb/lib.a(get_line_from_file.o)
                0x0000000000033f44                bb_get_chunk_from_file
 .text.xmalloc_fgetline
                0x0000000000033ff0       0x38 libbb/lib.a(get_line_from_file.o)
                0x0000000000033ff0                xmalloc_fgetline
 .text.getopt32
                0x0000000000034028      0x4e4 libbb/lib.a(getopt32.o)
                0x0000000000034028                getopt32
 .text.xgetpty  0x000000000003450c       0xb0 libbb/lib.a(getpty.o)
                0x000000000003450c                xgetpty
 .text.md5_process_block64
                0x00000000000345bc      0x330 libbb/lib.a(hash_md5_sha.o)
 .text.common64_end
                0x00000000000348ec       0x80 libbb/lib.a(hash_md5_sha.o)
 .text.md5_begin
                0x000000000003496c       0x4c libbb/lib.a(hash_md5_sha.o)
                0x000000000003496c                md5_begin
 .text.md5_hash
                0x00000000000349b8       0x64 libbb/lib.a(hash_md5_sha.o)
                0x00000000000349b8                md5_hash
 .text.md5_end  0x0000000000034a1c       0x34 libbb/lib.a(hash_md5_sha.o)
                0x0000000000034a1c                md5_end
 .text.make_human_readable_str
                0x0000000000034a50      0x164 libbb/lib.a(human_readable.o)
                0x0000000000034a50                make_human_readable_str
 .text.smart_ulltoa5
                0x0000000000034bb4      0x1f0 libbb/lib.a(human_readable.o)
                0x0000000000034bb4                smart_ulltoa5
 .text.in_ether
                0x0000000000034da4       0xac libbb/lib.a(in_ether.o)
                0x0000000000034da4                in_ether
 .text.inet_cksum
                0x0000000000034e50       0x38 libbb/lib.a(inet_cksum.o)
                0x0000000000034e50                inet_cksum
 .text.INET_resolve
                0x0000000000034e88       0x7c libbb/lib.a(inet_common.o)
                0x0000000000034e88                INET_resolve
 .text.INET_rresolve
                0x0000000000034f04      0x150 libbb/lib.a(inet_common.o)
                0x0000000000034f04                INET_rresolve
 .text.bb_info_msg
                0x0000000000035054       0x9c libbb/lib.a(info_msg.o)
                0x0000000000035054                bb_info_msg
 .text.is_in_ino_dev_hashtable
                0x00000000000350f0       0x7c libbb/lib.a(inode_hash.o)
                0x00000000000350f0                is_in_ino_dev_hashtable
 .text.add_to_ino_dev_hashtable
                0x000000000003516c       0x98 libbb/lib.a(inode_hash.o)
                0x000000000003516c                add_to_ino_dev_hashtable
 .text.is_directory
                0x0000000000035204       0x44 libbb/lib.a(isdirectory.o)
                0x0000000000035204                is_directory
 .text.llist_add_to
                0x0000000000035248       0x28 libbb/lib.a(llist.o)
                0x0000000000035248                llist_add_to
 .text.llist_add_to_end
                0x0000000000035270       0x30 libbb/lib.a(llist.o)
                0x0000000000035270                llist_add_to_end
 .text.llist_pop
                0x00000000000352a0       0x2c libbb/lib.a(llist.o)
                0x00000000000352a0                llist_pop
 .text.print_login_issue
                0x00000000000352cc      0x194 libbb/lib.a(login.o)
                0x00000000000352cc                print_login_issue
 .text.sanitize_env_if_suid
                0x0000000000035460       0x5c libbb/lib.a(login.o)
                0x0000000000035460                sanitize_env_if_suid
 .text.del_loop
                0x00000000000354bc       0x40 libbb/lib.a(loop.o)
                0x00000000000354bc                del_loop
 .text.set_loop
                0x00000000000354fc      0x290 libbb/lib.a(loop.o)
                0x00000000000354fc                set_loop
 .text.bb_make_directory
                0x000000000003578c      0x1b0 libbb/lib.a(make_directory.o)
                0x000000000003578c                bb_make_directory
 .text.bb_makedev
                0x000000000003593c       0x40 libbb/lib.a(makedev.o)
                0x000000000003593c                bb_makedev
 .text.match_fstype
                0x000000000003597c       0x98 libbb/lib.a(match_fstype.o)
                0x000000000003597c                match_fstype
 .text.bb_mode_string
                0x0000000000035a14       0xa4 libbb/lib.a(mode_string.o)
                0x0000000000035a14                bb_mode_string
 .text.nuke_str
                0x0000000000035ab8       0x20 libbb/lib.a(nuke_str.o)
                0x0000000000035ab8                nuke_str
 .text.config_open2
                0x0000000000035ad8       0x28 libbb/lib.a(parse_config.o)
                0x0000000000035ad8                config_open2
 .text.config_close
                0x0000000000035b00       0x34 libbb/lib.a(parse_config.o)
                0x0000000000035b00                config_close
 .text.config_read
                0x0000000000035b34      0x2a0 libbb/lib.a(parse_config.o)
                0x0000000000035b34                config_read
 .text.bb_parse_mode
                0x0000000000035dd4      0x238 libbb/lib.a(parse_mode.o)
                0x0000000000035dd4                bb_parse_mode
 .text.percent_decode_in_place
                0x000000000003600c       0xf0 libbb/lib.a(percent_decode.o)
                0x000000000003600c                percent_decode_in_place
 .text.bb_perror_nomsg_and_die
                0x00000000000360fc        0x8 libbb/lib.a(perror_nomsg_and_die.o)
                0x00000000000360fc                bb_perror_nomsg_and_die
 .text.write_pidfile
                0x0000000000036104       0xa4 libbb/lib.a(pidfile.o)
                0x0000000000036104                write_pidfile
 .text.printable_string
                0x00000000000361a8       0xc4 libbb/lib.a(printable_string.o)
                0x00000000000361a8                printable_string
 .text.bb_process_escape_sequence
                0x000000000003626c       0xd4 libbb/lib.a(process_escape_sequence.o)
                0x000000000003626c                bb_process_escape_sequence
 .text.fast_strtoul_16
                0x0000000000036340       0x40 libbb/lib.a(procps.o)
 .text.fast_strtoul_10
                0x0000000000036380       0x34 libbb/lib.a(procps.o)
 .text.get_cached
                0x00000000000363b4       0x98 libbb/lib.a(procps.o)
 .text.read_to_buf
                0x000000000003644c       0x4c libbb/lib.a(procps.o)
 .text.clear_username_cache
                0x0000000000036498       0x3c libbb/lib.a(procps.o)
                0x0000000000036498                clear_username_cache
 .text.get_cached_username
                0x00000000000364d4       0x18 libbb/lib.a(procps.o)
                0x00000000000364d4                get_cached_username
 .text.get_cached_groupname
                0x00000000000364ec       0x18 libbb/lib.a(procps.o)
                0x00000000000364ec                get_cached_groupname
 .text.free_procps_scan
                0x0000000000036504       0x3c libbb/lib.a(procps.o)
                0x0000000000036504                free_procps_scan
 .text.procps_read_smaps
                0x0000000000036540      0x2c0 libbb/lib.a(procps.o)
                0x0000000000036540                procps_read_smaps
 .text.procps_scan
                0x0000000000036800      0x3c4 libbb/lib.a(procps.o)
                0x0000000000036800                procps_scan
 .text.read_cmdline
                0x0000000000036bc4      0x144 libbb/lib.a(procps.o)
                0x0000000000036bc4                read_cmdline
 .text.i64c     0x0000000000036d08       0x40 libbb/lib.a(pw_encrypt.o)
 .text.crypt_make_salt
                0x0000000000036d48       0x6c libbb/lib.a(pw_encrypt.o)
                0x0000000000036d48                crypt_make_salt
 .text.pw_encrypt
                0x0000000000036db4       0x10 libbb/lib.a(pw_encrypt.o)
                0x0000000000036db4                pw_encrypt
 .text.read_key
                0x0000000000036dc4      0x2f8 libbb/lib.a(read_key.o)
                0x0000000000036dc4                read_key
 .text.nonblock_immune_read
                0x00000000000370bc       0x94 libbb/lib.a(read_printf.o)
                0x00000000000370bc                nonblock_immune_read
 .text.xread    0x0000000000037150       0x24 libbb/lib.a(read_printf.o)
                0x0000000000037150                xread
 .text.true_action
                0x0000000000037174        0x8 libbb/lib.a(recursive_action.o)
 .text.recursive_action
                0x000000000003717c      0x1e8 libbb/lib.a(recursive_action.o)
                0x000000000003717c                recursive_action
 .text.remove_file
                0x0000000000037364      0x250 libbb/lib.a(remove_file.o)
                0x0000000000037364                remove_file
 .text.safe_poll
                0x00000000000375b4       0x60 libbb/lib.a(safe_poll.o)
                0x00000000000375b4                safe_poll
 .text.safe_strncpy
                0x0000000000037614       0x18 libbb/lib.a(safe_strncpy.o)
                0x0000000000037614                safe_strncpy
 .text.overlapping_strcpy
                0x000000000003762c       0x24 libbb/lib.a(safe_strncpy.o)
                0x000000000003762c                overlapping_strcpy
 .text.record_signo
                0x0000000000037650       0x10 libbb/lib.a(signals.o)
                0x0000000000037650                record_signo
 .text.sigaction_set
                0x0000000000037660        0x8 libbb/lib.a(signals.o)
                0x0000000000037660                sigaction_set
 .text.sigprocmask_allsigs
                0x0000000000037668       0x24 libbb/lib.a(signals.o)
                0x0000000000037668                sigprocmask_allsigs
 .text.bb_signals
                0x000000000003768c       0x44 libbb/lib.a(signals.o)
                0x000000000003768c                bb_signals
 .text.bb_signals_recursive_norestart
                0x00000000000376d0       0x60 libbb/lib.a(signals.o)
                0x00000000000376d0                bb_signals_recursive_norestart
 .text.sig_unblock
                0x0000000000037730       0x34 libbb/lib.a(signals.o)
                0x0000000000037730                sig_unblock
 .text.kill_myself_with_sig
                0x0000000000037764       0x28 libbb/lib.a(signals.o)
                0x0000000000037764                kill_myself_with_sig
 .text.bb_simplify_abs_path_inplace
                0x000000000003778c       0xb4 libbb/lib.a(simplify_path.o)
                0x000000000003778c                bb_simplify_abs_path_inplace
 .text.bb_simplify_path
                0x0000000000037840       0x50 libbb/lib.a(simplify_path.o)
                0x0000000000037840                bb_simplify_path
 .text.skip_whitespace
                0x0000000000037890       0x20 libbb/lib.a(skip_whitespace.o)
                0x0000000000037890                skip_whitespace
 .text.skip_non_whitespace
                0x00000000000378b0       0x24 libbb/lib.a(skip_whitespace.o)
                0x00000000000378b0                skip_non_whitespace
 .text.skip_dev_pfx
                0x00000000000378d4       0x28 libbb/lib.a(skip_whitespace.o)
                0x00000000000378d4                skip_dev_pfx
 .text.get_signum
                0x00000000000378fc       0x88 libbb/lib.a(u_signal_names.o)
                0x00000000000378fc                get_signum
 .text.get_signame
                0x0000000000037984       0x34 libbb/lib.a(u_signal_names.o)
                0x0000000000037984                get_signame
 .text.print_signames
                0x00000000000379b8       0x48 libbb/lib.a(u_signal_names.o)
                0x00000000000379b8                print_signames
 .text.spawn    0x0000000000037a00       0x8c libbb/lib.a(vfork_daemon_rexec.o)
                0x0000000000037a00                spawn
 .text.spawn_and_wait
                0x0000000000037a8c       0x10 libbb/lib.a(vfork_daemon_rexec.o)
                0x0000000000037a8c                spawn_and_wait
 .text.bb_daemonize_or_rexec
                0x0000000000037a9c      0x100 libbb/lib.a(vfork_daemon_rexec.o)
                0x0000000000037a9c                bb_daemonize_or_rexec
 .text.bb_sanitize_stdio
                0x0000000000037b9c        0x8 libbb/lib.a(vfork_daemon_rexec.o)
                0x0000000000037b9c                bb_sanitize_stdio
 .text.fopen_or_warn
                0x0000000000037ba4       0x24 libbb/lib.a(wfopen.o)
                0x0000000000037ba4                fopen_or_warn
 .text.fopen_for_read
                0x0000000000037bc8        0xc libbb/lib.a(wfopen.o)
                0x0000000000037bc8                fopen_for_read
 .text.xfopen_for_read
                0x0000000000037bd4        0xc libbb/lib.a(wfopen.o)
                0x0000000000037bd4                xfopen_for_read
 .text.fopen_or_warn_stdin
                0x0000000000037be0       0x48 libbb/lib.a(wfopen_input.o)
                0x0000000000037be0                fopen_or_warn_stdin
 .text.xfopen_stdin
                0x0000000000037c28       0x14 libbb/lib.a(wfopen_input.o)
                0x0000000000037c28                xfopen_stdin
 .text.open_or_warn_stdin
                0x0000000000037c3c       0x38 libbb/lib.a(wfopen_input.o)
                0x0000000000037c3c                open_or_warn_stdin
 .text.xstrtoull_range_sfx
                0x0000000000037c74      0x16c libbb/lib.a(xatonum.o)
                0x0000000000037c74                xstrtoull_range_sfx
 .text.xatoull_sfx
                0x0000000000037de0       0x2c libbb/lib.a(xatonum.o)
                0x0000000000037de0                xatoull_sfx
 .text.xstrtoul_range_sfx
                0x0000000000037e0c      0x138 libbb/lib.a(xatonum.o)
                0x0000000000037e0c                xstrtoul_range_sfx
 .text.xatoul_range
                0x0000000000037f44       0x28 libbb/lib.a(xatonum.o)
                0x0000000000037f44                xatoul_range
 .text.xatoul_sfx
                0x0000000000037f6c       0x20 libbb/lib.a(xatonum.o)
                0x0000000000037f6c                xatoul_sfx
 .text.xatoul   0x0000000000037f8c        0x8 libbb/lib.a(xatonum.o)
                0x0000000000037f8c                xatoul
 .text.xatoi_positive
                0x0000000000037f94        0xc libbb/lib.a(xatonum.o)
                0x0000000000037f94                xatoi_positive
 .text.xatou16  0x0000000000037fa0       0x1c libbb/lib.a(xatonum.o)
                0x0000000000037fa0                xatou16
 .text.str2sockaddr
                0x0000000000037fbc      0x1b0 libbb/lib.a(xconnect.o)
 .text.sockaddr2str
                0x000000000003816c       0x6c libbb/lib.a(xconnect.o)
 .text.setsockopt_reuseaddr
                0x00000000000381d8       0x28 libbb/lib.a(xconnect.o)
                0x00000000000381d8                setsockopt_reuseaddr
 .text.setsockopt_broadcast
                0x0000000000038200       0x28 libbb/lib.a(xconnect.o)
                0x0000000000038200                setsockopt_broadcast
 .text.setsockopt_bindtodevice
                0x0000000000038228       0x58 libbb/lib.a(xconnect.o)
                0x0000000000038228                setsockopt_bindtodevice
 .text.host2sockaddr
                0x0000000000038280        0x8 libbb/lib.a(xconnect.o)
                0x0000000000038280                host2sockaddr
 .text.xhost2sockaddr
                0x0000000000038288        0x8 libbb/lib.a(xconnect.o)
                0x0000000000038288                xhost2sockaddr
 .text.xdotted2sockaddr
                0x0000000000038290        0x8 libbb/lib.a(xconnect.o)
                0x0000000000038290                xdotted2sockaddr
 .text.xsocket_type
                0x0000000000038298       0x50 libbb/lib.a(xconnect.o)
                0x0000000000038298                xsocket_type
 .text.create_and_bind_or_die
                0x00000000000382e8       0xa4 libbb/lib.a(xconnect.o)
 .text.create_and_bind_stream_or_die